src/components/editors/useCustomBlockPreview.spec.ts(19,21): error TS2353: Object literal may only specify known properties, and 'fonts' does not exist in type 'ProjectFontRegistryDocument'.
src/components/editors/useCustomBlockPreview.spec.ts(20,14): error TS2322: Type 'never[]' is not assignable to type 'ProjectFontRegistryEntry'.
src/components/editors/useCustomBlockPreview.spec.ts(20,28): error TS2322: Type 'never[]' is not assignable to type 'ProjectFontRegistryEntry'.
src/components/editors/useCustomBlockPreview.spec.ts(20,46): error TS2322: Type 'never[]' is not assignable to type 'ProjectFontRegistryEntry'.
src/features/card-designer/useCdeDataTableCommands.spec.ts(245,21): error TS2769: No overload matches this call.
  The last overload gave the following error.
    Object literal may only specify known properties, and 'customBlockKey' does not exist in type 'CustomBlockInit'.
src/features/card-designer/useCdeDataTableCommands.spec.ts(250,5): error TS2322: Type 'Map<string, { manifest: { type: "opencard-custom-block"; customBlockKey: string; name: string; publicFieldKeys: string[]; resize: { widthLocked: false; heightLocked: false; }; }; block: TextBlock; archivePath: string; files: Map<...>; }>' is not assignable to type 'ProjectCustomBlockCatalog | { forEach: (callbackfn: (value: ProjectCustomBlockCatalogEntry, key: string, map: ReadonlyMap<string, ProjectCustomBlockCatalogEntry>) => void, thisArg?: any) => void; ... 6 more ...; [Symbol.iterator]: () => MapIterator<...>; }'.
  Type 'Map<string, { manifest: { type: "opencard-custom-block"; customBlockKey: string; name: string; publicFieldKeys: string[]; resize: { widthLocked: false; heightLocked: false; }; }; block: TextBlock; archivePath: string; files: Map<...>; }>' is not assignable to type '{ forEach: (callbackfn: (value: ProjectCustomBlockCatalogEntry, key: string, map: ReadonlyMap<string, ProjectCustomBlockCatalogEntry>) => void, thisArg?: any) => void; ... 6 more ...; [Symbol.iterator]: () => MapIterator<...>; }'.
    Types of property 'forEach' are incompatible.
      Type '(callbackfn: (value: { manifest: { type: "opencard-custom-block"; customBlockKey: string; name: string; publicFieldKeys: string[]; resize: { widthLocked: false; heightLocked: false; }; }; block: TextBlock; archivePath: string; files: Map<...>; }, key: string, map: Map<...>) => void, thisArg?: any) => void' is not assignable to type '(callbackfn: (value: ProjectCustomBlockCatalogEntry, key: string, map: ReadonlyMap<string, ProjectCustomBlockCatalogEntry>) => void, thisArg?: any) => void'.
        Types of parameters 'callbackfn' and 'callbackfn' are incompatible.
          Types of parameters 'value' and 'value' are incompatible.
            Type '{ manifest: { type: "opencard-custom-block"; customBlockKey: string; name: string; publicFieldKeys: string[]; resize: { widthLocked: false; heightLocked: false; }; }; block: TextBlock; archivePath: string; files: Map<...>; }' is missing the following properties from type 'ProjectCustomBlockCatalogEntry': installationPath, resourceRootPath
src/features/card-designer/useCdeDataTableCommands.spec.ts(264,38): error TS2339: Property 'id' does not exist on type 'never'.
  The intersection 'BaseBlock & { content: string; fontSize?: string | undefined; fontFamily?: string | undefined; fontWeight?: TextFontWeight | undefined; color?: string | undefined; textAlign?: AlignmentPosition | undefined; verticalAlign?: VerticalAlignmentPosition | undefined; lineHeight?: string | undefined; writingMode?: TextWrit...' was reduced to 'never' because property 'type' has conflicting types in some constituents.
src/features/card-designer/useCdeDataTableCommands.spec.ts(265,38): error TS2339: Property 'id' does not exist on type 'never'.
  The intersection 'BaseBlock & { content: string; fontSize?: string | undefined; fontFamily?: string | undefined; fontWeight?: TextFontWeight | undefined; color?: string | undefined; textAlign?: AlignmentPosition | undefined; verticalAlign?: VerticalAlignmentPosition | undefined; lineHeight?: string | undefined; writingMode?: TextWrit...' was reduced to 'never' because property 'type' has conflicting types in some constituents.
src/features/card-designer/useCdeDataTableCommands.spec.ts(266,72): error TS2339: Property 'id' does not exist on type 'never'.
  The intersection 'BaseBlock & { content: string; fontSize?: string | undefined; fontFamily?: string | undefined; fontWeight?: TextFontWeight | undefined; color?: string | undefined; textAlign?: AlignmentPosition | undefined; verticalAlign?: VerticalAlignmentPosition | undefined; lineHeight?: string | undefined; writingMode?: TextWrit...' was reduced to 'never' because property 'type' has conflicting types in some constituents.
src/features/card-designer/useCdeDataTableCommands.spec.ts(267,72): error TS2339: Property 'id' does not exist on type 'never'.
  The intersection 'BaseBlock & { content: string; fontSize?: string | undefined; fontFamily?: string | undefined; fontWeight?: TextFontWeight | undefined; color?: string | undefined; textAlign?: AlignmentPosition | undefined; verticalAlign?: VerticalAlignmentPosition | undefined; lineHeight?: string | undefined; writingMode?: TextWrit...' was reduced to 'never' because property 'type' has conflicting types in some constituents.
src/features/card-designer/useCdeDataTableCommands.spec.ts(269,48): error TS2339: Property 'id' does not exist on type 'never'.
  The intersection 'BaseBlock & { content: string; fontSize?: string | undefined; fontFamily?: string | undefined; fontWeight?: TextFontWeight | undefined; color?: string | undefined; textAlign?: AlignmentPosition | undefined; verticalAlign?: VerticalAlignmentPosition | undefined; lineHeight?: string | undefined; writingMode?: TextWrit...' was reduced to 'never' because property 'type' has conflicting types in some constituents.
src/features/card-designer/useCdeDataTableCommands.spec.ts(270,37): error TS2339: Property 'id' does not exist on type 'never'.
  The intersection 'BaseBlock & { content: string; fontSize?: string | undefined; fontFamily?: string | undefined; fontWeight?: TextFontWeight | undefined; color?: string | undefined; textAlign?: AlignmentPosition | undefined; verticalAlign?: VerticalAlignmentPosition | undefined; lineHeight?: string | undefined; writingMode?: TextWrit...' was reduced to 'never' because property 'type' has conflicting types in some constituents.
src/features/card-designer/useCdeDataTableModel.spec.ts(137,21): error TS2769: No overload matches this call.
  The last overload gave the following error.
    Object literal may only specify known properties, and 'customBlockKey' does not exist in type 'CustomBlockInit'.
src/features/card-designer/useCdeDataTableModel.spec.ts(143,5): error TS2322: Type 'Map<string, { manifest: { type: "opencard-custom-block"; customBlockKey: string; name: string; publicFieldKeys: string[]; resize: { widthLocked: false; heightLocked: false; }; }; block: TextBlock; archivePath: string; files: Map<...>; }>' is not assignable to type 'ProjectCustomBlockCatalog | { forEach: (callbackfn: (value: ProjectCustomBlockCatalogEntry, key: string, map: ReadonlyMap<string, ProjectCustomBlockCatalogEntry>) => void, thisArg?: any) => void; ... 6 more ...; [Symbol.iterator]: () => MapIterator<...>; }'.
  Type 'Map<string, { manifest: { type: "opencard-custom-block"; customBlockKey: string; name: string; publicFieldKeys: string[]; resize: { widthLocked: false; heightLocked: false; }; }; block: TextBlock; archivePath: string; files: Map<...>; }>' is not assignable to type '{ forEach: (callbackfn: (value: ProjectCustomBlockCatalogEntry, key: string, map: ReadonlyMap<string, ProjectCustomBlockCatalogEntry>) => void, thisArg?: any) => void; ... 6 more ...; [Symbol.iterator]: () => MapIterator<...>; }'.
    Types of property 'forEach' are incompatible.
      Type '(callbackfn: (value: { manifest: { type: "opencard-custom-block"; customBlockKey: string; name: string; publicFieldKeys: string[]; resize: { widthLocked: false; heightLocked: false; }; }; block: TextBlock; archivePath: string; files: Map<...>; }, key: string, map: Map<...>) => void, thisArg?: any) => void' is not assignable to type '(callbackfn: (value: ProjectCustomBlockCatalogEntry, key: string, map: ReadonlyMap<string, ProjectCustomBlockCatalogEntry>) => void, thisArg?: any) => void'.
        Types of parameters 'callbackfn' and 'callbackfn' are incompatible.
          Types of parameters 'value' and 'value' are incompatible.
            Type '{ manifest: { type: "opencard-custom-block"; customBlockKey: string; name: string; publicFieldKeys: string[]; resize: { widthLocked: false; heightLocked: false; }; }; block: TextBlock; archivePath: string; files: Map<...>; }' is missing the following properties from type 'ProjectCustomBlockCatalogEntry': installationPath, resourceRootPath
src/features/card-designer/useCdeDataTableModel.spec.ts(158,103): error TS2339: Property 'id' does not exist on type 'never'.
  The intersection 'BaseBlock & { content: string; fontSize?: string | undefined; fontFamily?: string | undefined; fontWeight?: TextFontWeight | undefined; color?: string | undefined; textAlign?: AlignmentPosition | undefined; verticalAlign?: VerticalAlignmentPosition | undefined; lineHeight?: string | undefined; writingMode?: TextWrit...' was reduced to 'never' because property 'type' has conflicting types in some constituents.
src/features/card-designer/useCdeLayerViewInteraction.spec.ts(19,53): error TS2345: Argument of type '{ nudgeSelection: Mock<() => boolean>; stepLayer: Mock<Procedure>; focusLayerBlock: Mock<Procedure>; getFocusedLayerBlockId: Mock<() => string | null>; cycleLayerByInitial: Mock<...>; }' is not assignable to parameter of type 'CdeLayerViewPort'.
  Property 'runSelectionQuickAction' is missing in type '{ nudgeSelection: Mock<() => boolean>; stepLayer: Mock<Procedure>; focusLayerBlock: Mock<Procedure>; getFocusedLayerBlockId: Mock<() => string | null>; cycleLayerByInitial: Mock<...>; }' but required in type 'CdeLayerViewPort'.
src/features/card-designer/useCdeLayerViewInteraction.spec.ts(125,7): error TS2339: Property 'runSelectionQuickAction' does not exist on type '{ changeZIndex: Mock<() => boolean>; cycleLayerByInitial: Mock<() => boolean>; focusLayerBlock: Mock<Procedure>; getFocusedLayerBlockId: Mock<() => string | null>; ... 6 more ...; wrapper: VueWrapper<...>; }'.
src/features/card-designer/useCdeLayerViewInteraction.spec.ts(125,7): error TS6133: 'runSelectionQuickAction' is declared but its value is never read.
src/features/card-designer/useCdeTreeOps.spec.ts(50,57): error TS2353: Object literal may only specify known properties, and 'customBlockKey' does not exist in type 'CustomBlockInit'.
src/features/card-designer/useCdeTreeOps.spec.ts(252,53): error TS2353: Object literal may only specify known properties, and 'customBlockKey' does not exist in type 'CustomBlockInit'.
src/features/card-rendering/prepareRichText.spec.ts(32,7): error TS2322: Type 'Map<string, { manifest: { customBlockKey: string; publicFieldKeys: string[]; resize: { widthLocked: true; heightLocked: true; }; }; block: TextBlock; }>' is not assignable to type 'ReadonlyMap<string, CustomBlockRuntimeEntry>'.
  Types of property 'forEach' are incompatible.
    Type '(callbackfn: (value: { manifest: { customBlockKey: string; publicFieldKeys: string[]; resize: { widthLocked: true; heightLocked: true; }; }; block: TextBlock; }, key: string, map: Map<string, { manifest: { ...; }; block: TextBlock; }>) => void, thisArg?: any) => void' is not assignable to type '(callbackfn: (value: CustomBlockRuntimeEntry, key: string, map: ReadonlyMap<string, CustomBlockRuntimeEntry>) => void, thisArg?: any) => void'.
      Types of parameters 'callbackfn' and 'callbackfn' are incompatible.
        Types of parameters 'value' and 'value' are incompatible.
          Type '{ manifest: { customBlockKey: string; publicFieldKeys: string[]; resize: { widthLocked: true; heightLocked: true; }; }; block: TextBlock; }' is missing the following properties from type 'CustomBlockRuntimeEntry': environment, dependencies
src/features/card-rendering/prepareRichText.spec.ts(52,7): error TS2322: Type 'Map<string, { manifest: { customBlockKey: string; publicFieldKeys: never[]; resize: { widthLocked: true; heightLocked: true; }; }; block: TextBlock; }>' is not assignable to type 'ReadonlyMap<string, CustomBlockRuntimeEntry>'.
  Types of property 'forEach' are incompatible.
    Type '(callbackfn: (value: { manifest: { customBlockKey: string; publicFieldKeys: never[]; resize: { widthLocked: true; heightLocked: true; }; }; block: TextBlock; }, key: string, map: Map<string, { manifest: { ...; }; block: TextBlock; }>) => void, thisArg?: any) => void' is not assignable to type '(callbackfn: (value: CustomBlockRuntimeEntry, key: string, map: ReadonlyMap<string, CustomBlockRuntimeEntry>) => void, thisArg?: any) => void'.
      Types of parameters 'callbackfn' and 'callbackfn' are incompatible.
        Types of parameters 'value' and 'value' are incompatible.
          Type '{ manifest: { customBlockKey: string; publicFieldKeys: never[]; resize: { widthLocked: true; heightLocked: true; }; }; block: TextBlock; }' is missing the following properties from type 'CustomBlockRuntimeEntry': environment, dependencies
src/features/card-rendering/prepareRichText.spec.ts(71,7): error TS2322: Type 'Map<string, { manifest: { customBlockKey: string; publicFieldKeys: string[]; resize: { widthLocked: true; heightLocked: true; }; }; block: SimpleContainerBlock; }>' is not assignable to type 'ReadonlyMap<string, CustomBlockRuntimeEntry>'.
  Types of property 'forEach' are incompatible.
    Type '(callbackfn: (value: { manifest: { customBlockKey: string; publicFieldKeys: string[]; resize: { widthLocked: true; heightLocked: true; }; }; block: SimpleContainerBlock; }, key: string, map: Map<...>) => void, thisArg?: any) => void' is not assignable to type '(callbackfn: (value: CustomBlockRuntimeEntry, key: string, map: ReadonlyMap<string, CustomBlockRuntimeEntry>) => void, thisArg?: any) => void'.
      Types of parameters 'callbackfn' and 'callbackfn' are incompatible.
        Types of parameters 'value' and 'value' are incompatible.
          Type '{ manifest: { customBlockKey: string; publicFieldKeys: string[]; resize: { widthLocked: true; heightLocked: true; }; }; block: SimpleContainerBlock; }' is missing the following properties from type 'CustomBlockRuntimeEntry': environment, dependencies
src/features/card-rendering/prepareRichText.spec.ts(106,7): error TS2322: Type 'Map<string, { manifest: { customBlockKey: string; publicFieldKeys: string[]; resize: { widthLocked: true; heightLocked: true; }; }; block: TextBlock; }>' is not assignable to type 'ReadonlyMap<string, CustomBlockRuntimeEntry>'.
  Types of property 'forEach' are incompatible.
    Type '(callbackfn: (value: { manifest: { customBlockKey: string; publicFieldKeys: string[]; resize: { widthLocked: true; heightLocked: true; }; }; block: TextBlock; }, key: string, map: Map<string, { manifest: { ...; }; block: TextBlock; }>) => void, thisArg?: any) => void' is not assignable to type '(callbackfn: (value: CustomBlockRuntimeEntry, key: string, map: ReadonlyMap<string, CustomBlockRuntimeEntry>) => void, thisArg?: any) => void'.
      Types of parameters 'callbackfn' and 'callbackfn' are incompatible.
        Types of parameters 'value' and 'value' are incompatible.
          Type '{ manifest: { customBlockKey: string; publicFieldKeys: string[]; resize: { widthLocked: true; heightLocked: true; }; }; block: TextBlock; }' is missing the following properties from type 'CustomBlockRuntimeEntry': environment, dependencies
src/features/card-rendering/prepareRichText.spec.ts(127,7): error TS2322: Type 'Map<string, { manifest: { customBlockKey: string; publicFieldKeys: string[]; resize: { widthLocked: true; heightLocked: true; }; }; block: TextBlock; }>' is not assignable to type 'ReadonlyMap<string, CustomBlockRuntimeEntry>'.
  Types of property 'forEach' are incompatible.
    Type '(callbackfn: (value: { manifest: { customBlockKey: string; publicFieldKeys: string[]; resize: { widthLocked: true; heightLocked: true; }; }; block: TextBlock; }, key: string, map: Map<string, { manifest: { ...; }; block: TextBlock; }>) => void, thisArg?: any) => void' is not assignable to type '(callbackfn: (value: CustomBlockRuntimeEntry, key: string, map: ReadonlyMap<string, CustomBlockRuntimeEntry>) => void, thisArg?: any) => void'.
      Types of parameters 'callbackfn' and 'callbackfn' are incompatible.
        Types of parameters 'value' and 'value' are incompatible.
          Type '{ manifest: { customBlockKey: string; publicFieldKeys: string[]; resize: { widthLocked: true; heightLocked: true; }; }; block: TextBlock; }' is missing the following properties from type 'CustomBlockRuntimeEntry': environment, dependencies
src/features/card-rendering/prepareRichText.spec.ts(154,7): error TS2322: Type 'Map<string, { manifest: { customBlockKey: string; publicFieldKeys: never[]; resize: { widthLocked: boolean; heightLocked: boolean; }; }; block: TextBlock; }>' is not assignable to type 'ReadonlyMap<string, CustomBlockRuntimeEntry>'.
  Types of property 'forEach' are incompatible.
    Type '(callbackfn: (value: { manifest: { customBlockKey: string; publicFieldKeys: never[]; resize: { widthLocked: boolean; heightLocked: boolean; }; }; block: TextBlock; }, key: string, map: Map<string, { ...; }>) => void, thisArg?: any) => void' is not assignable to type '(callbackfn: (value: CustomBlockRuntimeEntry, key: string, map: ReadonlyMap<string, CustomBlockRuntimeEntry>) => void, thisArg?: any) => void'.
      Types of parameters 'callbackfn' and 'callbackfn' are incompatible.
        Types of parameters 'value' and 'value' are incompatible.
          Type '{ manifest: { customBlockKey: string; publicFieldKeys: never[]; resize: { widthLocked: boolean; heightLocked: boolean; }; }; block: TextBlock; }' is missing the following properties from type 'CustomBlockRuntimeEntry': environment, dependencies
src/features/card-rendering/prepareRichText.spec.ts(163,7): error TS2322: Type 'Map<string, { manifest: { customBlockKey: string; publicFieldKeys: never[]; resize: { widthLocked: boolean; heightLocked: boolean; }; }; block: TextBlock; }>' is not assignable to type 'ReadonlyMap<string, CustomBlockRuntimeEntry>'.
  Types of property 'forEach' are incompatible.
    Type '(callbackfn: (value: { manifest: { customBlockKey: string; publicFieldKeys: never[]; resize: { widthLocked: boolean; heightLocked: boolean; }; }; block: TextBlock; }, key: string, map: Map<string, { ...; }>) => void, thisArg?: any) => void' is not assignable to type '(callbackfn: (value: CustomBlockRuntimeEntry, key: string, map: ReadonlyMap<string, CustomBlockRuntimeEntry>) => void, thisArg?: any) => void'.
      Types of parameters 'callbackfn' and 'callbackfn' are incompatible.
        Types of parameters 'value' and 'value' are incompatible.
          Type '{ manifest: { customBlockKey: string; publicFieldKeys: never[]; resize: { widthLocked: boolean; heightLocked: boolean; }; }; block: TextBlock; }' is missing the following properties from type 'CustomBlockRuntimeEntry': environment, dependencies
src/features/card-rendering/prepareRichText.spec.ts(186,7): error TS2322: Type 'Map<string, { manifest: { customBlockKey: string; publicFieldKeys: never[]; resize: { widthLocked: true; heightLocked: true; }; }; block: TextBlock; }>' is not assignable to type 'ReadonlyMap<string, CustomBlockRuntimeEntry>'.
  Types of property 'forEach' are incompatible.
    Type '(callbackfn: (value: { manifest: { customBlockKey: string; publicFieldKeys: never[]; resize: { widthLocked: true; heightLocked: true; }; }; block: TextBlock; }, key: string, map: Map<string, { manifest: { ...; }; block: TextBlock; }>) => void, thisArg?: any) => void' is not assignable to type '(callbackfn: (value: CustomBlockRuntimeEntry, key: string, map: ReadonlyMap<string, CustomBlockRuntimeEntry>) => void, thisArg?: any) => void'.
      Types of parameters 'callbackfn' and 'callbackfn' are incompatible.
        Types of parameters 'value' and 'value' are incompatible.
          Type '{ manifest: { customBlockKey: string; publicFieldKeys: never[]; resize: { widthLocked: true; heightLocked: true; }; }; block: TextBlock; }' is missing the following properties from type 'CustomBlockRuntimeEntry': environment, dependencies
src/features/card-rendering/renderPipeline.spec.ts(199,7): error TS2322: Type 'Map<string, { manifest: { customBlockKey: string; publicFieldKeys: string[]; resize: { widthLocked: false; heightLocked: false; }; }; block: TextBlock; }>' is not assignable to type 'ReadonlyMap<string, CustomBlockRuntimeEntry>'.
  Types of property 'forEach' are incompatible.
    Type '(callbackfn: (value: { manifest: { customBlockKey: string; publicFieldKeys: string[]; resize: { widthLocked: false; heightLocked: false; }; }; block: TextBlock; }, key: string, map: Map<string, { ...; }>) => void, thisArg?: any) => void' is not assignable to type '(callbackfn: (value: CustomBlockRuntimeEntry, key: string, map: ReadonlyMap<string, CustomBlockRuntimeEntry>) => void, thisArg?: any) => void'.
      Types of parameters 'callbackfn' and 'callbackfn' are incompatible.
        Types of parameters 'value' and 'value' are incompatible.
          Type '{ manifest: { customBlockKey: string; publicFieldKeys: string[]; resize: { widthLocked: false; heightLocked: false; }; }; block: TextBlock; }' is missing the following properties from type 'CustomBlockRuntimeEntry': environment, dependencies
src/features/card-rendering/renderPipeline.spec.ts(225,7): error TS2322: Type 'Map<string, { manifest: { customBlockKey: string; publicFieldKeys: string[]; resize: { widthLocked: true; heightLocked: true; }; }; block: TextBlock; }>' is not assignable to type 'ReadonlyMap<string, CustomBlockRuntimeEntry>'.
  Types of property 'forEach' are incompatible.
    Type '(callbackfn: (value: { manifest: { customBlockKey: string; publicFieldKeys: string[]; resize: { widthLocked: true; heightLocked: true; }; }; block: TextBlock; }, key: string, map: Map<string, { manifest: { ...; }; block: TextBlock; }>) => void, thisArg?: any) => void' is not assignable to type '(callbackfn: (value: CustomBlockRuntimeEntry, key: string, map: ReadonlyMap<string, CustomBlockRuntimeEntry>) => void, thisArg?: any) => void'.
      Types of parameters 'callbackfn' and 'callbackfn' are incompatible.
        Types of parameters 'value' and 'value' are incompatible.
          Type '{ manifest: { customBlockKey: string; publicFieldKeys: string[]; resize: { widthLocked: true; heightLocked: true; }; }; block: TextBlock; }' is missing the following properties from type 'CustomBlockRuntimeEntry': environment, dependencies
src/features/card-rendering/renderPipeline.spec.ts(243,7): error TS2322: Type 'Map<string, { manifest: { customBlockKey: string; publicFieldKeys: never[]; resize: { widthLocked: false; heightLocked: false; }; }; block: TextBlock; hasResourceErrors: true; }>' is not assignable to type 'ReadonlyMap<string, CustomBlockRuntimeEntry>'.
  Types of property 'forEach' are incompatible.
    Type '(callbackfn: (value: { manifest: { customBlockKey: string; publicFieldKeys: never[]; resize: { widthLocked: false; heightLocked: false; }; }; block: TextBlock; hasResourceErrors: true; }, key: string, map: Map<...>) => void, thisArg?: any) => void' is not assignable to type '(callbackfn: (value: CustomBlockRuntimeEntry, key: string, map: ReadonlyMap<string, CustomBlockRuntimeEntry>) => void, thisArg?: any) => void'.
      Types of parameters 'callbackfn' and 'callbackfn' are incompatible.
        Types of parameters 'value' and 'value' are incompatible.
          Type '{ manifest: { customBlockKey: string; publicFieldKeys: never[]; resize: { widthLocked: false; heightLocked: false; }; }; block: TextBlock; hasResourceErrors: true; }' is missing the following properties from type 'CustomBlockRuntimeEntry': environment, dependencies
src/features/card-rendering/renderPipeline.spec.ts(274,7): error TS2322: Type 'Map<string, { manifest: { customBlockKey: string; publicFieldKeys: never[]; resize: { widthLocked: false; heightLocked: false; }; }; block: SimpleContainerBlock; }>' is not assignable to type 'ReadonlyMap<string, CustomBlockRuntimeEntry>'.
  Types of property 'forEach' are incompatible.
    Type '(callbackfn: (value: { manifest: { customBlockKey: string; publicFieldKeys: never[]; resize: { widthLocked: false; heightLocked: false; }; }; block: SimpleContainerBlock; }, key: string, map: Map<...>) => void, thisArg?: any) => void' is not assignable to type '(callbackfn: (value: CustomBlockRuntimeEntry, key: string, map: ReadonlyMap<string, CustomBlockRuntimeEntry>) => void, thisArg?: any) => void'.
      Types of parameters 'callbackfn' and 'callbackfn' are incompatible.
        Types of parameters 'value' and 'value' are incompatible.
          Type '{ manifest: { customBlockKey: string; publicFieldKeys: never[]; resize: { widthLocked: false; heightLocked: false; }; }; block: SimpleContainerBlock; }' is missing the following properties from type 'CustomBlockRuntimeEntry': environment, dependencies
src/features/exporting/exportPlanner.spec.ts(99,38): error TS2322: Type 'Map<string, { manifest: { customBlockKey: string; publicFieldKeys: never[]; resize: { widthLocked: boolean; heightLocked: boolean; }; }; block: {}; resourceUrls: Map<string, string>; }>' is not assignable to type 'ReadonlyMap<string, CustomBlockRuntimeEntry>'.
  Types of property 'forEach' are incompatible.
    Type '(callbackfn: (value: { manifest: { customBlockKey: string; publicFieldKeys: never[]; resize: { widthLocked: boolean; heightLocked: boolean; }; }; block: {}; resourceUrls: Map<string, string>; }, key: string, map: Map<...>) => void, thisArg?: any) => void' is not assignable to type '(callbackfn: (value: CustomBlockRuntimeEntry, key: string, map: ReadonlyMap<string, CustomBlockRuntimeEntry>) => void, thisArg?: any) => void'.
      Types of parameters 'callbackfn' and 'callbackfn' are incompatible.
        Types of parameters 'value' and 'value' are incompatible.
          Type '{ manifest: { customBlockKey: string; publicFieldKeys: never[]; resize: { widthLocked: boolean; heightLocked: boolean; }; }; block: {}; resourceUrls: Map<string, string>; }' is missing the following properties from type 'CustomBlockRuntimeEntry': environment, dependencies
src/features/exporting/exportPlanner.spec.ts(105,53): error TS2339: Property 'resourceRootPath' does not exist on type 'CardRenderResourceContext'.
src/features/project-templates/components/CreateProjectWorkspace.spec.ts(388,7): error TS2353: Object literal may only specify known properties, and 'customBlockKey' does not exist in type 'UserCustomBlockCatalogEntry'.
src/features/project-templates/services/projectTemplateService.spec.ts(378,66): error TS2353: Object literal may only specify known properties, and 'key' does not exist in type '{ root: CardBlock; publisherKey: string; blockKey: string; version?: string | undefined; name?: string | undefined; description?: string | undefined; exposedFieldKeys?: readonly string[] | undefined; resize?: ProjectCustomBlockResizePolicy | undefined; }'.
src/features/project-templates/services/projectTemplateService.spec.ts(384,5): error TS2353: Object literal may only specify known properties, and 'customBlockKey' does not exist in type 'UserCustomBlockCatalogEntry'.
src/features/workspace/services/projectCustomBlockResources.spec.ts(153,12): error TS18048: 'iconRegistry.iconSeries' is possibly 'undefined'.
src/features/workspace/services/projectResourceEnvironment.spec.ts(19,22): error TS2322: Type '"font"' is not assignable to type '"family" | "composition"'.
src/features/workspace/services/userCustomBlockCatalogService.spec.ts(15,66): error TS2353: Object literal may only specify known properties, and 'key' does not exist in type '{ root: CardBlock; publisherKey: string; blockKey: string; version?: string | undefined; name?: string | undefined; description?: string | undefined; exposedFieldKeys?: readonly string[] | undefined; resize?: ProjectCustomBlockResizePolicy | undefined; }'.
src/features/workspace/store/userCustomBlockCatalogStore.spec.ts(9,3): error TS2353: Object literal may only specify known properties, and 'customBlockKey' does not exist in type 'UserCustomBlockCatalogEntry'.
src/shared/ui/rich-text/OcRichTextEditor.spec.ts(463,61): error TS2322: Type 'Map<string, { manifest: { type: "opencard-custom-block"; customBlockKey: string; name: string; publicFieldKeys: string[]; resize: { widthLocked: boolean; heightLocked: boolean; }; }; block: any; archivePath: string; files: Map<...>; }>' is not assignable to type 'ReadonlyMap<string, { readonly manifest: { readonly type: "opencard-custom-block"; readonly packageId: string; readonly version: string; readonly name: string; readonly description?: string | undefined; readonly publicFieldKeys: readonly string[]; readonly resize: { ...; }; }; ... 4 more ...; readonly hasResourceErr...'.
  Types of property 'forEach' are incompatible.
    Type '(callbackfn: (value: { manifest: { type: "opencard-custom-block"; customBlockKey: string; name: string; publicFieldKeys: string[]; resize: { widthLocked: boolean; heightLocked: boolean; }; }; block: any; archivePath: string; files: Map<...>; }, key: string, map: Map<...>) => void, thisArg?: any) => void' is not assignable to type '(callbackfn: (value: { readonly manifest: { readonly type: "opencard-custom-block"; readonly packageId: string; readonly version: string; readonly name: string; readonly description?: string | undefined; readonly publicFieldKeys: readonly string[]; readonly resize: { ...; }; }; ... 4 more ...; readonly hasResourceEr...'.
      Types of parameters 'callbackfn' and 'callbackfn' are incompatible.
        Types of parameters 'value' and 'value' are incompatible.
          Type '{ manifest: { type: "opencard-custom-block"; customBlockKey: string; name: string; publicFieldKeys: string[]; resize: { widthLocked: boolean; heightLocked: boolean; }; }; block: any; archivePath: string; files: Map<...>; }' is missing the following properties from type '{ readonly manifest: { readonly type: "opencard-custom-block"; readonly packageId: string; readonly version: string; readonly name: string; readonly description?: string | undefined; readonly publicFieldKeys: readonly string[]; readonly resize: { ...; }; }; ... 4 more ...; readonly hasResourceErrors?: boolean | unde...': installationPath, resourceRootPath
src/shared/ui/rich-text/OcRichTextEditor.spec.ts(463,70): error TS2322: Type 'Map<string, { manifest: { type: "opencard-custom-block"; customBlockKey: string; name: string; publicFieldKeys: string[]; resize: { widthLocked: boolean; heightLocked: boolean; }; }; archivePath: string; loadState: "ready"; }>' is not assignable to type 'ReadonlyMap<string, { readonly manifest: { readonly type: "opencard-custom-block"; readonly packageId: string; readonly version: string; readonly name: string; readonly description?: string | undefined; readonly publicFieldKeys: readonly string[]; readonly resize: { ...; }; }; ... 4 more ...; readonly unavailable?: ...'.
  Types of property 'forEach' are incompatible.
    Type '(callbackfn: (value: { manifest: { type: "opencard-custom-block"; customBlockKey: string; name: string; publicFieldKeys: string[]; resize: { widthLocked: boolean; heightLocked: boolean; }; }; archivePath: string; loadState: "ready"; }, key: string, map: Map<...>) => void, thisArg?: any) => void' is not assignable to type '(callbackfn: (value: { readonly manifest: { readonly type: "opencard-custom-block"; readonly packageId: string; readonly version: string; readonly name: string; readonly description?: string | undefined; readonly publicFieldKeys: readonly string[]; readonly resize: { ...; }; }; ... 4 more ...; readonly unavailable?:...'.
      Types of parameters 'callbackfn' and 'callbackfn' are incompatible.
        Types of parameters 'value' and 'value' are incompatible.
          Type '{ manifest: { type: "opencard-custom-block"; customBlockKey: string; name: string; publicFieldKeys: string[]; resize: { widthLocked: boolean; heightLocked: boolean; }; }; archivePath: string; loadState: "ready"; }' is missing the following properties from type '{ readonly manifest: { readonly type: "opencard-custom-block"; readonly packageId: string; readonly version: string; readonly name: string; readonly description?: string | undefined; readonly publicFieldKeys: readonly string[]; readonly resize: { ...; }; }; ... 4 more ...; readonly unavailable?: boolean | undefined; }': installationPath, resourceRootPath
src/shared/ui/rich-text/OcRichTextEditor.spec.ts(500,11): error TS2322: Type 'Map<string, { manifest: { type: "opencard-custom-block"; customBlockKey: string; name: string; publicFieldKeys: never[]; resize: { widthLocked: boolean; heightLocked: boolean; }; }; block: any; archivePath: string; files: Map<...>; }>' is not assignable to type 'ReadonlyMap<string, { readonly manifest: { readonly type: "opencard-custom-block"; readonly packageId: string; readonly version: string; readonly name: string; readonly description?: string | undefined; readonly publicFieldKeys: readonly string[]; readonly resize: { ...; }; }; ... 4 more ...; readonly hasResourceErr...'.
  Types of property 'forEach' are incompatible.
    Type '(callbackfn: (value: { manifest: { type: "opencard-custom-block"; customBlockKey: string; name: string; publicFieldKeys: never[]; resize: { widthLocked: boolean; heightLocked: boolean; }; }; block: any; archivePath: string; files: Map<...>; }, key: string, map: Map<...>) => void, thisArg?: any) => void' is not assignable to type '(callbackfn: (value: { readonly manifest: { readonly type: "opencard-custom-block"; readonly packageId: string; readonly version: string; readonly name: string; readonly description?: string | undefined; readonly publicFieldKeys: readonly string[]; readonly resize: { ...; }; }; ... 4 more ...; readonly hasResourceEr...'.
      Types of parameters 'callbackfn' and 'callbackfn' are incompatible.
        Types of parameters 'value' and 'value' are incompatible.
          Type '{ manifest: { type: "opencard-custom-block"; customBlockKey: string; name: string; publicFieldKeys: never[]; resize: { widthLocked: boolean; heightLocked: boolean; }; }; block: any; archivePath: string; files: Map<...>; }' is missing the following properties from type '{ readonly manifest: { readonly type: "opencard-custom-block"; readonly packageId: string; readonly version: string; readonly name: string; readonly description?: string | undefined; readonly publicFieldKeys: readonly string[]; readonly resize: { ...; }; }; ... 4 more ...; readonly hasResourceErrors?: boolean | unde...': installationPath, resourceRootPath
src/shared/ui/rich-text/OcRichTextEditor.spec.ts(501,11): error TS2322: Type 'Map<string, { manifest: { type: "opencard-custom-block"; customBlockKey: string; name: string; publicFieldKeys: never[]; resize: { widthLocked: boolean; heightLocked: boolean; }; }; archivePath: string; loadState: "unloaded"; }>' is not assignable to type 'ReadonlyMap<string, { readonly manifest: { readonly type: "opencard-custom-block"; readonly packageId: string; readonly version: string; readonly name: string; readonly description?: string | undefined; readonly publicFieldKeys: readonly string[]; readonly resize: { ...; }; }; ... 4 more ...; readonly unavailable?: ...'.
  Types of property 'forEach' are incompatible.
    Type '(callbackfn: (value: { manifest: { type: "opencard-custom-block"; customBlockKey: string; name: string; publicFieldKeys: never[]; resize: { widthLocked: boolean; heightLocked: boolean; }; }; archivePath: string; loadState: "unloaded"; }, key: string, map: Map<...>) => void, thisArg?: any) => void' is not assignable to type '(callbackfn: (value: { readonly manifest: { readonly type: "opencard-custom-block"; readonly packageId: string; readonly version: string; readonly name: string; readonly description?: string | undefined; readonly publicFieldKeys: readonly string[]; readonly resize: { ...; }; }; ... 4 more ...; readonly unavailable?:...'.
      Types of parameters 'callbackfn' and 'callbackfn' are incompatible.
        Types of parameters 'value' and 'value' are incompatible.
          Type '{ manifest: { type: "opencard-custom-block"; customBlockKey: string; name: string; publicFieldKeys: never[]; resize: { widthLocked: boolean; heightLocked: boolean; }; }; archivePath: string; loadState: "unloaded"; }' is missing the following properties from type '{ readonly manifest: { readonly type: "opencard-custom-block"; readonly packageId: string; readonly version: string; readonly name: string; readonly description?: string | undefined; readonly publicFieldKeys: readonly string[]; readonly resize: { ...; }; }; ... 4 more ...; readonly unavailable?: boolean | undefined; }': installationPath, resourceRootPath
src/shared/ui/rich-text/OcRichTextEditor.spec.ts(549,11): error TS2322: Type 'Map<string, { manifest: { type: "opencard-custom-block"; customBlockKey: string; name: string; publicFieldKeys: string[]; resize: { widthLocked: boolean; heightLocked: boolean; }; }; block: any; archivePath: string; files: Map<...>; }>' is not assignable to type 'ReadonlyMap<string, { readonly manifest: { readonly type: "opencard-custom-block"; readonly packageId: string; readonly version: string; readonly name: string; readonly description?: string | undefined; readonly publicFieldKeys: readonly string[]; readonly resize: { ...; }; }; ... 4 more ...; readonly hasResourceErr...'.
  Types of property 'forEach' are incompatible.
    Type '(callbackfn: (value: { manifest: { type: "opencard-custom-block"; customBlockKey: string; name: string; publicFieldKeys: string[]; resize: { widthLocked: boolean; heightLocked: boolean; }; }; block: any; archivePath: string; files: Map<...>; }, key: string, map: Map<...>) => void, thisArg?: any) => void' is not assignable to type '(callbackfn: (value: { readonly manifest: { readonly type: "opencard-custom-block"; readonly packageId: string; readonly version: string; readonly name: string; readonly description?: string | undefined; readonly publicFieldKeys: readonly string[]; readonly resize: { ...; }; }; ... 4 more ...; readonly hasResourceEr...'.
      Types of parameters 'callbackfn' and 'callbackfn' are incompatible.
        Types of parameters 'value' and 'value' are incompatible.
          Type '{ manifest: { type: "opencard-custom-block"; customBlockKey: string; name: string; publicFieldKeys: string[]; resize: { widthLocked: boolean; heightLocked: boolean; }; }; block: any; archivePath: string; files: Map<...>; }' is missing the following properties from type '{ readonly manifest: { readonly type: "opencard-custom-block"; readonly packageId: string; readonly version: string; readonly name: string; readonly description?: string | undefined; readonly publicFieldKeys: readonly string[]; readonly resize: { ...; }; }; ... 4 more ...; readonly hasResourceErrors?: boolean | unde...': installationPath, resourceRootPath
src/shared/ui/rich-text/OcRichTextEditor.spec.ts(550,11): error TS2322: Type 'Map<string, { manifest: { type: "opencard-custom-block"; customBlockKey: string; name: string; publicFieldKeys: string[]; resize: { widthLocked: boolean; heightLocked: boolean; }; }; archivePath: string; loadState: "ready"; }>' is not assignable to type 'ReadonlyMap<string, { readonly manifest: { readonly type: "opencard-custom-block"; readonly packageId: string; readonly version: string; readonly name: string; readonly description?: string | undefined; readonly publicFieldKeys: readonly string[]; readonly resize: { ...; }; }; ... 4 more ...; readonly unavailable?: ...'.
  Types of property 'forEach' are incompatible.
    Type '(callbackfn: (value: { manifest: { type: "opencard-custom-block"; customBlockKey: string; name: string; publicFieldKeys: string[]; resize: { widthLocked: boolean; heightLocked: boolean; }; }; archivePath: string; loadState: "ready"; }, key: string, map: Map<...>) => void, thisArg?: any) => void' is not assignable to type '(callbackfn: (value: { readonly manifest: { readonly type: "opencard-custom-block"; readonly packageId: string; readonly version: string; readonly name: string; readonly description?: string | undefined; readonly publicFieldKeys: readonly string[]; readonly resize: { ...; }; }; ... 4 more ...; readonly unavailable?:...'.
      Types of parameters 'callbackfn' and 'callbackfn' are incompatible.
        Types of parameters 'value' and 'value' are incompatible.
          Type '{ manifest: { type: "opencard-custom-block"; customBlockKey: string; name: string; publicFieldKeys: string[]; resize: { widthLocked: boolean; heightLocked: boolean; }; }; archivePath: string; loadState: "ready"; }' is missing the following properties from type '{ readonly manifest: { readonly type: "opencard-custom-block"; readonly packageId: string; readonly version: string; readonly name: string; readonly description?: string | undefined; readonly publicFieldKeys: readonly string[]; readonly resize: { ...; }; }; ... 4 more ...; readonly unavailable?: boolean | undefined; }': installationPath, resourceRootPath
