src/components/editors/useCustomBlockPreview.spec.ts(8,3): error TS2305: Module '"../../features/workspace/model/projectCustomBlocks"' has no exported member 'ProjectCustomBlockRegistryDocument'.
src/components/editors/useCustomBlockPreview.spec.ts(27,7): error TS2353: Object literal may only specify known properties, and 'customBlockKey' does not exist in type 'ProjectCustomBlockManifest'.
src/components/editors/useCustomBlockPreview.spec.ts(40,20): error TS2339: Property 'archivePath' does not exist on type 'ProjectCustomBlockCatalogEntry'.
src/components/editors/useCustomBlockPreview.spec.ts(40,40): error TS2339: Property 'archivePath' does not exist on type 'ProjectCustomBlockCatalogEntry'.
src/components/editors/useCustomBlockPreview.spec.ts(48,5): error TS2322: Type 'Map<string, ProjectCustomBlockCatalogEntry>' is not assignable to type 'ReadonlyMap<string, CustomBlockRuntimeEntry>'.
  Types of property 'forEach' are incompatible.
    Type '(callbackfn: (value: ProjectCustomBlockCatalogEntry, key: string, map: Map<string, ProjectCustomBlockCatalogEntry>) => void, thisArg?: any) => void' is not assignable to type '(callbackfn: (value: CustomBlockRuntimeEntry, key: string, map: ReadonlyMap<string, CustomBlockRuntimeEntry>) => void, thisArg?: any) => void'.
      Types of parameters 'callbackfn' and 'callbackfn' are incompatible.
        Types of parameters 'value' and 'value' are incompatible.
          Type 'ProjectCustomBlockCatalogEntry' is missing the following properties from type 'CustomBlockRuntimeEntry': environment, dependencies
src/components/editors/useCustomBlockPreview.spec.ts(52,62): error TS2339: Property 'archivePath' does not exist on type 'ProjectCustomBlockCatalogEntry'.
src/components/editors/useCustomBlockPreview.spec.ts(53,65): error TS2339: Property 'archivePath' does not exist on type 'ProjectCustomBlockCatalogEntry'.
src/components/editors/useCustomBlockPreview.spec.ts(58,5): error TS2322: Type 'Ref<Map<string, { manifest: { type: "opencard-custom-block"; packageId: string; version: string; name: string; description?: string | undefined; publicFieldKeys: readonly string[]; resize: { widthLocked: boolean; heightLocked: boolean; }; }; archivePath: any; loadState: "ready"; }> & Omit<...>, Map<...> | (Map<...> ...' is not assignable to type 'Readonly<Ref<ReadonlyMap<string, { readonly manifest: { readonly type: "opencard-custom-block"; readonly packageId: string; readonly version: string; readonly name: string; readonly description?: string | undefined; readonly publicFieldKeys: readonly string[]; readonly resize: { ...; }; }; ... 4 more ...; readonly u...'.
  The types of 'value.forEach' are incompatible between these types.
    Type '(callbackfn: (value: { manifest: { type: "opencard-custom-block"; packageId: string; version: string; name: string; description?: string | undefined; publicFieldKeys: readonly string[]; resize: { widthLocked: boolean; heightLocked: boolean; }; }; archivePath: any; loadState: "ready"; }, key: string, map: Map<...>) =...' is not assignable to type '(callbackfn: (value: { readonly manifest: { readonly type: "opencard-custom-block"; readonly packageId: string; readonly version: string; readonly name: string; readonly description?: string | undefined; readonly publicFieldKeys: readonly string[]; readonly resize: { ...; }; }; ... 4 more ...; readonly unavailable?:...'.
      Types of parameters 'callbackfn' and 'callbackfn' are incompatible.
        Types of parameters 'value' and 'value' are incompatible.
          Type '{ manifest: { type: "opencard-custom-block"; packageId: string; version: string; name: string; description?: string | undefined; publicFieldKeys: readonly string[]; resize: { widthLocked: boolean; heightLocked: boolean; }; }; archivePath: any; loadState: "ready"; }' is missing the following properties from type '{ readonly manifest: { readonly type: "opencard-custom-block"; readonly packageId: string; readonly version: string; readonly name: string; readonly description?: string | undefined; readonly publicFieldKeys: readonly string[]; readonly resize: { ...; }; }; ... 4 more ...; readonly unavailable?: boolean | undefined; }': installationPath, resourceRootPath
src/components/editors/useCustomBlockPreview.spec.ts(118,20): error TS2339: Property 'resources' does not exist on type 'ProjectCustomBlockManifest'.
src/components/editors/useCustomBlockPreview.spec.ts(121,7): error TS2322: Type 'Map<string, { resourceUrls: Map<string, string>; manifest: ProjectCustomBlockManifest; block: CardBlock; installationPath: string; resourceRootPath: string; issues?: readonly ProjectCustomBlockPackageIssue[] | undefined; hasResourceErrors?: boolean | undefined; }>' is not assignable to type 'CustomBlockRuntimeCatalog | { forEach: (callbackfn: (value: CustomBlockRuntimeEntry, key: string, map: ReadonlyMap<string, CustomBlockRuntimeEntry>) => void, thisArg?: any) => void; ... 6 more ...; [Symbol.iterator]: () => MapIterator<...>; } | undefined'.
  Type 'Map<string, { resourceUrls: Map<string, string>; manifest: ProjectCustomBlockManifest; block: CardBlock; installationPath: string; resourceRootPath: string; issues?: readonly ProjectCustomBlockPackageIssue[] | undefined; hasResourceErrors?: boolean | undefined; }>' is not assignable to type '{ forEach: (callbackfn: (value: CustomBlockRuntimeEntry, key: string, map: ReadonlyMap<string, CustomBlockRuntimeEntry>) => void, thisArg?: any) => void; ... 6 more ...; [Symbol.iterator]: () => MapIterator<...>; }'.
    Types of property 'forEach' are incompatible.
      Type '(callbackfn: (value: { resourceUrls: Map<string, string>; manifest: ProjectCustomBlockManifest; block: CardBlock; installationPath: string; resourceRootPath: string; issues?: readonly ProjectCustomBlockPackageIssue[] | undefined; hasResourceErrors?: boolean | undefined; }, key: string, map: Map<...>) => void, thisAr...' is not assignable to type '(callbackfn: (value: CustomBlockRuntimeEntry, key: string, map: ReadonlyMap<string, CustomBlockRuntimeEntry>) => void, thisArg?: any) => void'.
        Types of parameters 'callbackfn' and 'callbackfn' are incompatible.
          Types of parameters 'value' and 'value' are incompatible.
            Type '{ resourceUrls: Map<string, string>; manifest: ProjectCustomBlockManifest; block: CardBlock; installationPath: string; resourceRootPath: string; issues?: readonly ProjectCustomBlockPackageIssue[] | undefined; hasResourceErrors?: boolean | undefined; }' is missing the following properties from type 'CustomBlockRuntimeEntry': environment, dependencies
src/components/editors/useCustomBlockPreview.spec.ts(144,40): error TS2339: Property 'archivePath' does not exist on type 'ProjectCustomBlockCatalogEntry'.
src/components/editors/useCustomBlockPreview.spec.ts(146,52): error TS2339: Property 'archivePath' does not exist on type 'ProjectCustomBlockCatalogEntry'.
src/features/card-designer/useCdeDataTableCommands.spec.ts(245,21): error TS2769: No overload matches this call.
  The last overload gave the following error.
    Object literal may only specify known properties, and 'customBlockKey' does not exist in type 'CustomBlockInit'.
src/features/card-designer/useCdeDataTableCommands.spec.ts(250,5): error TS2322: Type 'Map<string, { manifest: { type: "opencard-custom-block"; customBlockKey: string; name: string; publicFieldKeys: string[]; resize: { widthLocked: false; heightLocked: false; }; }; block: TextBlock; archivePath: string; files: Map<...>; }>' is not assignable to type 'ProjectCustomBlockCatalog | { forEach: (callbackfn: (value: ProjectCustomBlockCatalogEntry, key: string, map: ReadonlyMap<string, ProjectCustomBlockCatalogEntry>) => void, thisArg?: any) => void; ... 6 more ...; [Symbol.iterator]: () => MapIterator<...>; }'.
  Type 'Map<string, { manifest: { type: "opencard-custom-block"; customBlockKey: string; name: string; publicFieldKeys: string[]; resize: { widthLocked: false; heightLocked: false; }; }; block: TextBlock; archivePath: string; files: Map<...>; }>' is not assignable to type '{ forEach: (callbackfn: (value: ProjectCustomBlockCatalogEntry, key: string, map: ReadonlyMap<string, ProjectCustomBlockCatalogEntry>) => void, thisArg?: any) => void; ... 6 more ...; [Symbol.iterator]: () => MapIterator<...>; }'.
    Types of property 'forEach' are incompatible.
      Type '(callbackfn: (value: { manifest: { type: "opencard-custom-block"; customBlockKey: string; name: string; publicFieldKeys: string[]; resize: { widthLocked: false; heightLocked: false; }; }; block: TextBlock; archivePath: string; files: Map<...>; }, key: string, map: Map<...>) => void, thisArg?: any) => void' is not assignable to type '(callbackfn: (value: ProjectCustomBlockCatalogEntry, key: string, map: ReadonlyMap<string, ProjectCustomBlockCatalogEntry>) => void, thisArg?: any) => void'.
        Types of parameters 'callbackfn' and 'callbackfn' are incompatible.
          Types of parameters 'value' and 'value' are incompatible.
            Type '{ manifest: { type: "opencard-custom-block"; customBlockKey: string; name: string; publicFieldKeys: string[]; resize: { widthLocked: false; heightLocked: false; }; }; block: TextBlock; archivePath: string; files: Map<...>; }' is missing the following properties from type 'ProjectCustomBlockCatalogEntry': installationPath, resourceRootPath
src/features/card-designer/useCdeDataTableCommands.spec.ts(264,38): error TS2339: Property 'id' does not exist on type 'never'.
  The intersection 'BaseBlock & { content: string; fontSize?: string | undefined; fontFamily?: string | undefined; fontWeight?: TextFontWeight | undefined; color?: string | undefined; textAlign?: AlignmentPosition | undefined; verticalAlign?: VerticalAlignmentPosition | undefined; lineHeight?: string | undefined; writingMode?: TextWrit...' was reduced to 'never' because property 'type' has conflicting types in some constituents.
src/features/card-designer/useCdeDataTableCommands.spec.ts(265,38): error TS2339: Property 'id' does not exist on type 'never'.
  The intersection 'BaseBlock & { content: string; fontSize?: string | undefined; fontFamily?: string | undefined; fontWeight?: TextFontWeight | undefined; color?: string | undefined; textAlign?: AlignmentPosition | undefined; verticalAlign?: VerticalAlignmentPosition | undefined; lineHeight?: string | undefined; writingMode?: TextWrit...' was reduced to 'never' because property 'type' has conflicting types in some constituents.
src/features/card-designer/useCdeDataTableCommands.spec.ts(266,72): error TS2339: Property 'id' does not exist on type 'never'.
  The intersection 'BaseBlock & { content: string; fontSize?: string | undefined; fontFamily?: string | undefined; fontWeight?: TextFontWeight | undefined; color?: string | undefined; textAlign?: AlignmentPosition | undefined; verticalAlign?: VerticalAlignmentPosition | undefined; lineHeight?: string | undefined; writingMode?: TextWrit...' was reduced to 'never' because property 'type' has conflicting types in some constituents.
src/features/card-designer/useCdeDataTableCommands.spec.ts(267,72): error TS2339: Property 'id' does not exist on type 'never'.
  The intersection 'BaseBlock & { content: string; fontSize?: string | undefined; fontFamily?: string | undefined; fontWeight?: TextFontWeight | undefined; color?: string | undefined; textAlign?: AlignmentPosition | undefined; verticalAlign?: VerticalAlignmentPosition | undefined; lineHeight?: string | undefined; writingMode?: TextWrit...' was reduced to 'never' because property 'type' has conflicting types in some constituents.
src/features/card-designer/useCdeDataTableCommands.spec.ts(269,48): error TS2339: Property 'id' does not exist on type 'never'.
  The intersection 'BaseBlock & { content: string; fontSize?: string | undefined; fontFamily?: string | undefined; fontWeight?: TextFontWeight | undefined; color?: string | undefined; textAlign?: AlignmentPosition | undefined; verticalAlign?: VerticalAlignmentPosition | undefined; lineHeight?: string | undefined; writingMode?: TextWrit...' was reduced to 'never' because property 'type' has conflicting types in some constituents.
src/features/card-designer/useCdeDataTableCommands.spec.ts(270,37): error TS2339: Property 'id' does not exist on type 'never'.
  The intersection 'BaseBlock & { content: string; fontSize?: string | undefined; fontFamily?: string | undefined; fontWeight?: TextFontWeight | undefined; color?: string | undefined; textAlign?: AlignmentPosition | undefined; verticalAlign?: VerticalAlignmentPosition | undefined; lineHeight?: string | undefined; writingMode?: TextWrit...' was reduced to 'never' because property 'type' has conflicting types in some constituents.
src/features/card-designer/useCdeDataTableModel.spec.ts(137,21): error TS2769: No overload matches this call.
  The last overload gave the following error.
    Object literal may only specify known properties, and 'customBlockKey' does not exist in type 'CustomBlockInit'.
src/features/card-designer/useCdeDataTableModel.spec.ts(143,5): error TS2322: Type 'Map<string, { manifest: { type: "opencard-custom-block"; customBlockKey: string; name: string; publicFieldKeys: string[]; resize: { widthLocked: false; heightLocked: false; }; }; block: TextBlock; archivePath: string; files: Map<...>; }>' is not assignable to type 'ProjectCustomBlockCatalog | { forEach: (callbackfn: (value: ProjectCustomBlockCatalogEntry, key: string, map: ReadonlyMap<string, ProjectCustomBlockCatalogEntry>) => void, thisArg?: any) => void; ... 6 more ...; [Symbol.iterator]: () => MapIterator<...>; }'.
  Type 'Map<string, { manifest: { type: "opencard-custom-block"; customBlockKey: string; name: string; publicFieldKeys: string[]; resize: { widthLocked: false; heightLocked: false; }; }; block: TextBlock; archivePath: string; files: Map<...>; }>' is not assignable to type '{ forEach: (callbackfn: (value: ProjectCustomBlockCatalogEntry, key: string, map: ReadonlyMap<string, ProjectCustomBlockCatalogEntry>) => void, thisArg?: any) => void; ... 6 more ...; [Symbol.iterator]: () => MapIterator<...>; }'.
    Types of property 'forEach' are incompatible.
      Type '(callbackfn: (value: { manifest: { type: "opencard-custom-block"; customBlockKey: string; name: string; publicFieldKeys: string[]; resize: { widthLocked: false; heightLocked: false; }; }; block: TextBlock; archivePath: string; files: Map<...>; }, key: string, map: Map<...>) => void, thisArg?: any) => void' is not assignable to type '(callbackfn: (value: ProjectCustomBlockCatalogEntry, key: string, map: ReadonlyMap<string, ProjectCustomBlockCatalogEntry>) => void, thisArg?: any) => void'.
        Types of parameters 'callbackfn' and 'callbackfn' are incompatible.
          Types of parameters 'value' and 'value' are incompatible.
            Type '{ manifest: { type: "opencard-custom-block"; customBlockKey: string; name: string; publicFieldKeys: string[]; resize: { widthLocked: false; heightLocked: false; }; }; block: TextBlock; archivePath: string; files: Map<...>; }' is missing the following properties from type 'ProjectCustomBlockCatalogEntry': installationPath, resourceRootPath
src/features/card-designer/useCdeDataTableModel.spec.ts(158,103): error TS2339: Property 'id' does not exist on type 'never'.
  The intersection 'BaseBlock & { content: string; fontSize?: string | undefined; fontFamily?: string | undefined; fontWeight?: TextFontWeight | undefined; color?: string | undefined; textAlign?: AlignmentPosition | undefined; verticalAlign?: VerticalAlignmentPosition | undefined; lineHeight?: string | undefined; writingMode?: TextWrit...' was reduced to 'never' because property 'type' has conflicting types in some constituents.
src/features/card-designer/useCdeLayerViewInteraction.spec.ts(19,53): error TS2345: Argument of type '{ nudgeSelection: Mock<() => boolean>; stepLayer: Mock<Procedure>; focusLayerBlock: Mock<Procedure>; getFocusedLayerBlockId: Mock<() => string | null>; cycleLayerByInitial: Mock<...>; }' is not assignable to parameter of type 'CdeLayerViewPort'.
  Property 'runSelectionQuickAction' is missing in type '{ nudgeSelection: Mock<() => boolean>; stepLayer: Mock<Procedure>; focusLayerBlock: Mock<Procedure>; getFocusedLayerBlockId: Mock<() => string | null>; cycleLayerByInitial: Mock<...>; }' but required in type 'CdeLayerViewPort'.
src/features/card-designer/useCdeLayerViewInteraction.spec.ts(125,7): error TS2339: Property 'runSelectionQuickAction' does not exist on type '{ changeZIndex: Mock<() => boolean>; cycleLayerByInitial: Mock<() => boolean>; focusLayerBlock: Mock<Procedure>; getFocusedLayerBlockId: Mock<() => string | null>; ... 6 more ...; wrapper: VueWrapper<...>; }'.
src/features/card-designer/useCdeLayerViewInteraction.spec.ts(125,7): error TS6133: 'runSelectionQuickAction' is declared but its value is never read.
src/features/card-designer/useCdeTreeOps.spec.ts(50,57): error TS2353: Object literal may only specify known properties, and 'customBlockKey' does not exist in type 'CustomBlockInit'.
src/features/card-designer/useCdeTreeOps.spec.ts(252,53): error TS2353: Object literal may only specify known properties, and 'customBlockKey' does not exist in type 'CustomBlockInit'.
src/features/card-rendering/cardRenderResources.spec.ts(2,64): error TS2305: Module '"./cardRenderResources"' has no exported member 'resolveCustomBlockAssetSrc'.
src/features/card-rendering/cardRenderResources.spec.ts(15,7): error TS2322: Type 'Map<string, { manifest: { customBlockKey: string; publicFieldKeys: never[]; resize: { widthLocked: false; heightLocked: false; }; resources: { images: { key: string; source: string; }[]; }; }; block: {}; resourceUrls: Map<...>; }>' is not assignable to type 'ReadonlyMap<string, CustomBlockRuntimeEntry>'.
  Types of property 'forEach' are incompatible.
    Type '(callbackfn: (value: { manifest: { customBlockKey: string; publicFieldKeys: never[]; resize: { widthLocked: false; heightLocked: false; }; resources: { images: { key: string; source: string; }[]; }; }; block: {}; resourceUrls: Map<...>; }, key: string, map: Map<...>) => void, thisArg?: any) => void' is not assignable to type '(callbackfn: (value: CustomBlockRuntimeEntry, key: string, map: ReadonlyMap<string, CustomBlockRuntimeEntry>) => void, thisArg?: any) => void'.
      Types of parameters 'callbackfn' and 'callbackfn' are incompatible.
        Types of parameters 'value' and 'value' are incompatible.
          Type '{ manifest: { customBlockKey: string; publicFieldKeys: never[]; resize: { widthLocked: false; heightLocked: false; }; resources: { images: { key: string; source: string; }[]; }; }; block: {}; resourceUrls: Map<...>; }' is missing the following properties from type 'CustomBlockRuntimeEntry': environment, dependencies
src/features/card-rendering/components/CardFaceRenderer.spec.ts(25,7): error TS2322: Type 'Map<string, { manifest: { customBlockKey: string; publicFieldKeys: never[]; resize: { widthLocked: false; heightLocked: false; }; resources: { images: { key: string; source: string; }[]; }; }; block: {}; resourceUrls: Map<...>; }>' is not assignable to type 'ReadonlyMap<string, CustomBlockRuntimeEntry>'.
  Types of property 'forEach' are incompatible.
    Type '(callbackfn: (value: { manifest: { customBlockKey: string; publicFieldKeys: never[]; resize: { widthLocked: false; heightLocked: false; }; resources: { images: { key: string; source: string; }[]; }; }; block: {}; resourceUrls: Map<...>; }, key: string, map: Map<...>) => void, thisArg?: any) => void' is not assignable to type '(callbackfn: (value: CustomBlockRuntimeEntry, key: string, map: ReadonlyMap<string, CustomBlockRuntimeEntry>) => void, thisArg?: any) => void'.
      Types of parameters 'callbackfn' and 'callbackfn' are incompatible.
        Types of parameters 'value' and 'value' are incompatible.
          Type '{ manifest: { customBlockKey: string; publicFieldKeys: never[]; resize: { widthLocked: false; heightLocked: false; }; resources: { images: { key: string; source: string; }[]; }; }; block: {}; resourceUrls: Map<...>; }' is missing the following properties from type 'CustomBlockRuntimeEntry': environment, dependencies
src/features/card-rendering/components/CustomBlockRenderer.spec.ts(23,16): error TS2322: Type '{ type: "custom-block"; customBlockKey: string; content: RenderReadyShapeBlock; id: string; name: string; notes: string; visible: boolean; width: string; height: string; ... 22 more ...; strokeMiterLimit: number; }' is not assignable to type 'RenderReadyCustomBlock'.
  Property 'packageId' is missing in type '{ type: "custom-block"; customBlockKey: string; content: RenderReadyShapeBlock; id: string; name: string; notes: string; visible: boolean; width: string; height: string; ... 22 more ...; strokeMiterLimit: number; }' but required in type '{ type: "custom-block"; packageId: string; content: RenderReadyCardBlock | null; }'.
src/features/card-rendering/components/TextBlockRenderer.spec.ts(182,11): error TS2322: Type 'Map<string, { document: RichTextDocument; embeddedBlocks: Map<string, { type: "custom-block"; customBlockKey: string; content: RenderReadyTextBlock; ... 27 more ...; writingMode: TextWritingMode; }>; diagnostics: never[]; valid: true; }>' is not assignable to type 'PreparedRichTextCatalog'.
  Types of property 'forEach' are incompatible.
    Type '(callbackfn: (value: { document: RichTextDocument; embeddedBlocks: Map<string, { type: "custom-block"; customBlockKey: string; content: RenderReadyTextBlock; ... 27 more ...; writingMode: TextWritingMode; }>; diagnostics: never[]; valid: true; }, key: string, map: Map<...>) => void, thisArg?: any) => void' is not assignable to type '(callbackfn: (value: PreparedRichText, key: string, map: ReadonlyMap<string, PreparedRichText>) => void, thisArg?: any) => void'.
      Types of parameters 'callbackfn' and 'callbackfn' are incompatible.
        Types of parameters 'value' and 'value' are incompatible.
          Type '{ document: RichTextDocument; embeddedBlocks: Map<string, { type: "custom-block"; customBlockKey: string; content: RenderReadyTextBlock; id: string; ... 26 more ...; writingMode: TextWritingMode; }>; diagnostics: never[]; valid: true; }' is not assignable to type 'PreparedRichText'.
            The types of 'embeddedBlocks.forEach' are incompatible between these types.
              Type '(callbackfn: (value: { type: "custom-block"; customBlockKey: string; content: RenderReadyTextBlock; id: string; name: string; notes: string; visible: boolean; width: string; height: string; ... 21 more ...; writingMode: TextWritingMode; }, key: string, map: Map<...>) => void, thisArg?: any) => void' is not assignable to type '(callbackfn: (value: { readonly id: string; readonly name: string; readonly notes: string; readonly visible: boolean; readonly width: string; readonly height: string; readonly borderColor: string; readonly borderWidth: number; ... 14 more ...; readonly content: ... | ... 7 more ... | null; }, key: string, map: Reado...'.
                Types of parameters 'callbackfn' and 'callbackfn' are incompatible.
                  Types of parameters 'value' and 'value' are incompatible.
                    Property 'packageId' is missing in type '{ type: "custom-block"; customBlockKey: string; content: RenderReadyTextBlock; id: string; name: string; notes: string; visible: boolean; width: string; height: string; ... 21 more ...; writingMode: TextWritingMode; }' but required in type '{ readonly id: string; readonly name: string; readonly notes: string; readonly visible: boolean; readonly width: string; readonly height: string; readonly borderColor: string; readonly borderWidth: number; ... 14 more ...; readonly content: ... | ... 7 more ... | null; }'.
src/features/card-rendering/prepareRichText.spec.ts(32,7): error TS2322: Type 'Map<string, { manifest: { customBlockKey: string; publicFieldKeys: string[]; resize: { widthLocked: true; heightLocked: true; }; }; block: TextBlock; }>' is not assignable to type 'ReadonlyMap<string, CustomBlockRuntimeEntry>'.
  Types of property 'forEach' are incompatible.
    Type '(callbackfn: (value: { manifest: { customBlockKey: string; publicFieldKeys: string[]; resize: { widthLocked: true; heightLocked: true; }; }; block: TextBlock; }, key: string, map: Map<string, { manifest: { ...; }; block: TextBlock; }>) => void, thisArg?: any) => void' is not assignable to type '(callbackfn: (value: CustomBlockRuntimeEntry, key: string, map: ReadonlyMap<string, CustomBlockRuntimeEntry>) => void, thisArg?: any) => void'.
      Types of parameters 'callbackfn' and 'callbackfn' are incompatible.
        Types of parameters 'value' and 'value' are incompatible.
          Type '{ manifest: { customBlockKey: string; publicFieldKeys: string[]; resize: { widthLocked: true; heightLocked: true; }; }; block: TextBlock; }' is missing the following properties from type 'CustomBlockRuntimeEntry': environment, dependencies
src/features/card-rendering/prepareRichText.spec.ts(52,7): error TS2322: Type 'Map<string, { manifest: { customBlockKey: string; publicFieldKeys: never[]; resize: { widthLocked: true; heightLocked: true; }; }; block: TextBlock; }>' is not assignable to type 'ReadonlyMap<string, CustomBlockRuntimeEntry>'.
  Types of property 'forEach' are incompatible.
    Type '(callbackfn: (value: { manifest: { customBlockKey: string; publicFieldKeys: never[]; resize: { widthLocked: true; heightLocked: true; }; }; block: TextBlock; }, key: string, map: Map<string, { manifest: { ...; }; block: TextBlock; }>) => void, thisArg?: any) => void' is not assignable to type '(callbackfn: (value: CustomBlockRuntimeEntry, key: string, map: ReadonlyMap<string, CustomBlockRuntimeEntry>) => void, thisArg?: any) => void'.
      Types of parameters 'callbackfn' and 'callbackfn' are incompatible.
        Types of parameters 'value' and 'value' are incompatible.
          Type '{ manifest: { customBlockKey: string; publicFieldKeys: never[]; resize: { widthLocked: true; heightLocked: true; }; }; block: TextBlock; }' is missing the following properties from type 'CustomBlockRuntimeEntry': environment, dependencies
src/features/card-rendering/prepareRichText.spec.ts(71,7): error TS2322: Type 'Map<string, { manifest: { customBlockKey: string; publicFieldKeys: string[]; resize: { widthLocked: true; heightLocked: true; }; }; block: SimpleContainerBlock; }>' is not assignable to type 'ReadonlyMap<string, CustomBlockRuntimeEntry>'.
  Types of property 'forEach' are incompatible.
    Type '(callbackfn: (value: { manifest: { customBlockKey: string; publicFieldKeys: string[]; resize: { widthLocked: true; heightLocked: true; }; }; block: SimpleContainerBlock; }, key: string, map: Map<...>) => void, thisArg?: any) => void' is not assignable to type '(callbackfn: (value: CustomBlockRuntimeEntry, key: string, map: ReadonlyMap<string, CustomBlockRuntimeEntry>) => void, thisArg?: any) => void'.
      Types of parameters 'callbackfn' and 'callbackfn' are incompatible.
        Types of parameters 'value' and 'value' are incompatible.
          Type '{ manifest: { customBlockKey: string; publicFieldKeys: string[]; resize: { widthLocked: true; heightLocked: true; }; }; block: SimpleContainerBlock; }' is missing the following properties from type 'CustomBlockRuntimeEntry': environment, dependencies
src/features/card-rendering/prepareRichText.spec.ts(106,7): error TS2322: Type 'Map<string, { manifest: { customBlockKey: string; publicFieldKeys: string[]; resize: { widthLocked: true; heightLocked: true; }; }; block: TextBlock; }>' is not assignable to type 'ReadonlyMap<string, CustomBlockRuntimeEntry>'.
  Types of property 'forEach' are incompatible.
    Type '(callbackfn: (value: { manifest: { customBlockKey: string; publicFieldKeys: string[]; resize: { widthLocked: true; heightLocked: true; }; }; block: TextBlock; }, key: string, map: Map<string, { manifest: { ...; }; block: TextBlock; }>) => void, thisArg?: any) => void' is not assignable to type '(callbackfn: (value: CustomBlockRuntimeEntry, key: string, map: ReadonlyMap<string, CustomBlockRuntimeEntry>) => void, thisArg?: any) => void'.
      Types of parameters 'callbackfn' and 'callbackfn' are incompatible.
        Types of parameters 'value' and 'value' are incompatible.
          Type '{ manifest: { customBlockKey: string; publicFieldKeys: string[]; resize: { widthLocked: true; heightLocked: true; }; }; block: TextBlock; }' is missing the following properties from type 'CustomBlockRuntimeEntry': environment, dependencies
src/features/card-rendering/prepareRichText.spec.ts(127,7): error TS2322: Type 'Map<string, { manifest: { customBlockKey: string; publicFieldKeys: string[]; resize: { widthLocked: true; heightLocked: true; }; }; block: TextBlock; }>' is not assignable to type 'ReadonlyMap<string, CustomBlockRuntimeEntry>'.
  Types of property 'forEach' are incompatible.
    Type '(callbackfn: (value: { manifest: { customBlockKey: string; publicFieldKeys: string[]; resize: { widthLocked: true; heightLocked: true; }; }; block: TextBlock; }, key: string, map: Map<string, { manifest: { ...; }; block: TextBlock; }>) => void, thisArg?: any) => void' is not assignable to type '(callbackfn: (value: CustomBlockRuntimeEntry, key: string, map: ReadonlyMap<string, CustomBlockRuntimeEntry>) => void, thisArg?: any) => void'.
      Types of parameters 'callbackfn' and 'callbackfn' are incompatible.
        Types of parameters 'value' and 'value' are incompatible.
          Type '{ manifest: { customBlockKey: string; publicFieldKeys: string[]; resize: { widthLocked: true; heightLocked: true; }; }; block: TextBlock; }' is missing the following properties from type 'CustomBlockRuntimeEntry': environment, dependencies
src/features/card-rendering/prepareRichText.spec.ts(154,7): error TS2322: Type 'Map<string, { manifest: { customBlockKey: string; publicFieldKeys: never[]; resize: { widthLocked: boolean; heightLocked: boolean; }; }; block: TextBlock; }>' is not assignable to type 'ReadonlyMap<string, CustomBlockRuntimeEntry>'.
  Types of property 'forEach' are incompatible.
    Type '(callbackfn: (value: { manifest: { customBlockKey: string; publicFieldKeys: never[]; resize: { widthLocked: boolean; heightLocked: boolean; }; }; block: TextBlock; }, key: string, map: Map<string, { ...; }>) => void, thisArg?: any) => void' is not assignable to type '(callbackfn: (value: CustomBlockRuntimeEntry, key: string, map: ReadonlyMap<string, CustomBlockRuntimeEntry>) => void, thisArg?: any) => void'.
      Types of parameters 'callbackfn' and 'callbackfn' are incompatible.
        Types of parameters 'value' and 'value' are incompatible.
          Type '{ manifest: { customBlockKey: string; publicFieldKeys: never[]; resize: { widthLocked: boolean; heightLocked: boolean; }; }; block: TextBlock; }' is missing the following properties from type 'CustomBlockRuntimeEntry': environment, dependencies
src/features/card-rendering/prepareRichText.spec.ts(163,7): error TS2322: Type 'Map<string, { manifest: { customBlockKey: string; publicFieldKeys: never[]; resize: { widthLocked: boolean; heightLocked: boolean; }; }; block: TextBlock; }>' is not assignable to type 'ReadonlyMap<string, CustomBlockRuntimeEntry>'.
  Types of property 'forEach' are incompatible.
    Type '(callbackfn: (value: { manifest: { customBlockKey: string; publicFieldKeys: never[]; resize: { widthLocked: boolean; heightLocked: boolean; }; }; block: TextBlock; }, key: string, map: Map<string, { ...; }>) => void, thisArg?: any) => void' is not assignable to type '(callbackfn: (value: CustomBlockRuntimeEntry, key: string, map: ReadonlyMap<string, CustomBlockRuntimeEntry>) => void, thisArg?: any) => void'.
      Types of parameters 'callbackfn' and 'callbackfn' are incompatible.
        Types of parameters 'value' and 'value' are incompatible.
          Type '{ manifest: { customBlockKey: string; publicFieldKeys: never[]; resize: { widthLocked: boolean; heightLocked: boolean; }; }; block: TextBlock; }' is missing the following properties from type 'CustomBlockRuntimeEntry': environment, dependencies
src/features/card-rendering/prepareRichText.spec.ts(186,7): error TS2322: Type 'Map<string, { manifest: { customBlockKey: string; publicFieldKeys: never[]; resize: { widthLocked: true; heightLocked: true; }; }; block: TextBlock; }>' is not assignable to type 'ReadonlyMap<string, CustomBlockRuntimeEntry>'.
  Types of property 'forEach' are incompatible.
    Type '(callbackfn: (value: { manifest: { customBlockKey: string; publicFieldKeys: never[]; resize: { widthLocked: true; heightLocked: true; }; }; block: TextBlock; }, key: string, map: Map<string, { manifest: { ...; }; block: TextBlock; }>) => void, thisArg?: any) => void' is not assignable to type '(callbackfn: (value: CustomBlockRuntimeEntry, key: string, map: ReadonlyMap<string, CustomBlockRuntimeEntry>) => void, thisArg?: any) => void'.
      Types of parameters 'callbackfn' and 'callbackfn' are incompatible.
        Types of parameters 'value' and 'value' are incompatible.
          Type '{ manifest: { customBlockKey: string; publicFieldKeys: never[]; resize: { widthLocked: true; heightLocked: true; }; }; block: TextBlock; }' is missing the following properties from type 'CustomBlockRuntimeEntry': environment, dependencies
src/features/card-rendering/renderPipeline.spec.ts(199,7): error TS2322: Type 'Map<string, { manifest: { customBlockKey: string; publicFieldKeys: string[]; resize: { widthLocked: false; heightLocked: false; }; }; block: TextBlock; }>' is not assignable to type 'ReadonlyMap<string, CustomBlockRuntimeEntry>'.
  Types of property 'forEach' are incompatible.
    Type '(callbackfn: (value: { manifest: { customBlockKey: string; publicFieldKeys: string[]; resize: { widthLocked: false; heightLocked: false; }; }; block: TextBlock; }, key: string, map: Map<string, { ...; }>) => void, thisArg?: any) => void' is not assignable to type '(callbackfn: (value: CustomBlockRuntimeEntry, key: string, map: ReadonlyMap<string, CustomBlockRuntimeEntry>) => void, thisArg?: any) => void'.
      Types of parameters 'callbackfn' and 'callbackfn' are incompatible.
        Types of parameters 'value' and 'value' are incompatible.
          Type '{ manifest: { customBlockKey: string; publicFieldKeys: string[]; resize: { widthLocked: false; heightLocked: false; }; }; block: TextBlock; }' is missing the following properties from type 'CustomBlockRuntimeEntry': environment, dependencies
src/features/card-rendering/renderPipeline.spec.ts(225,7): error TS2322: Type 'Map<string, { manifest: { customBlockKey: string; publicFieldKeys: string[]; resize: { widthLocked: true; heightLocked: true; }; }; block: TextBlock; }>' is not assignable to type 'ReadonlyMap<string, CustomBlockRuntimeEntry>'.
  Types of property 'forEach' are incompatible.
    Type '(callbackfn: (value: { manifest: { customBlockKey: string; publicFieldKeys: string[]; resize: { widthLocked: true; heightLocked: true; }; }; block: TextBlock; }, key: string, map: Map<string, { manifest: { ...; }; block: TextBlock; }>) => void, thisArg?: any) => void' is not assignable to type '(callbackfn: (value: CustomBlockRuntimeEntry, key: string, map: ReadonlyMap<string, CustomBlockRuntimeEntry>) => void, thisArg?: any) => void'.
      Types of parameters 'callbackfn' and 'callbackfn' are incompatible.
        Types of parameters 'value' and 'value' are incompatible.
          Type '{ manifest: { customBlockKey: string; publicFieldKeys: string[]; resize: { widthLocked: true; heightLocked: true; }; }; block: TextBlock; }' is missing the following properties from type 'CustomBlockRuntimeEntry': environment, dependencies
src/features/card-rendering/renderPipeline.spec.ts(243,7): error TS2322: Type 'Map<string, { manifest: { customBlockKey: string; publicFieldKeys: never[]; resize: { widthLocked: false; heightLocked: false; }; }; block: TextBlock; hasResourceErrors: true; }>' is not assignable to type 'ReadonlyMap<string, CustomBlockRuntimeEntry>'.
  Types of property 'forEach' are incompatible.
    Type '(callbackfn: (value: { manifest: { customBlockKey: string; publicFieldKeys: never[]; resize: { widthLocked: false; heightLocked: false; }; }; block: TextBlock; hasResourceErrors: true; }, key: string, map: Map<...>) => void, thisArg?: any) => void' is not assignable to type '(callbackfn: (value: CustomBlockRuntimeEntry, key: string, map: ReadonlyMap<string, CustomBlockRuntimeEntry>) => void, thisArg?: any) => void'.
      Types of parameters 'callbackfn' and 'callbackfn' are incompatible.
        Types of parameters 'value' and 'value' are incompatible.
          Type '{ manifest: { customBlockKey: string; publicFieldKeys: never[]; resize: { widthLocked: false; heightLocked: false; }; }; block: TextBlock; hasResourceErrors: true; }' is missing the following properties from type 'CustomBlockRuntimeEntry': environment, dependencies
src/features/card-rendering/renderPipeline.spec.ts(274,7): error TS2322: Type 'Map<string, { manifest: { customBlockKey: string; publicFieldKeys: never[]; resize: { widthLocked: false; heightLocked: false; }; }; block: SimpleContainerBlock; }>' is not assignable to type 'ReadonlyMap<string, CustomBlockRuntimeEntry>'.
  Types of property 'forEach' are incompatible.
    Type '(callbackfn: (value: { manifest: { customBlockKey: string; publicFieldKeys: never[]; resize: { widthLocked: false; heightLocked: false; }; }; block: SimpleContainerBlock; }, key: string, map: Map<...>) => void, thisArg?: any) => void' is not assignable to type '(callbackfn: (value: CustomBlockRuntimeEntry, key: string, map: ReadonlyMap<string, CustomBlockRuntimeEntry>) => void, thisArg?: any) => void'.
      Types of parameters 'callbackfn' and 'callbackfn' are incompatible.
        Types of parameters 'value' and 'value' are incompatible.
          Type '{ manifest: { customBlockKey: string; publicFieldKeys: never[]; resize: { widthLocked: false; heightLocked: false; }; }; block: SimpleContainerBlock; }' is missing the following properties from type 'CustomBlockRuntimeEntry': environment, dependencies
src/features/exporting/exportPlanner.spec.ts(99,38): error TS2322: Type 'Map<string, { manifest: { customBlockKey: string; publicFieldKeys: never[]; resize: { widthLocked: boolean; heightLocked: boolean; }; }; block: {}; resourceUrls: Map<string, string>; }>' is not assignable to type 'ReadonlyMap<string, CustomBlockRuntimeEntry>'.
  Types of property 'forEach' are incompatible.
    Type '(callbackfn: (value: { manifest: { customBlockKey: string; publicFieldKeys: never[]; resize: { widthLocked: boolean; heightLocked: boolean; }; }; block: {}; resourceUrls: Map<string, string>; }, key: string, map: Map<...>) => void, thisArg?: any) => void' is not assignable to type '(callbackfn: (value: CustomBlockRuntimeEntry, key: string, map: ReadonlyMap<string, CustomBlockRuntimeEntry>) => void, thisArg?: any) => void'.
      Types of parameters 'callbackfn' and 'callbackfn' are incompatible.
        Types of parameters 'value' and 'value' are incompatible.
          Type '{ manifest: { customBlockKey: string; publicFieldKeys: never[]; resize: { widthLocked: boolean; heightLocked: boolean; }; }; block: {}; resourceUrls: Map<string, string>; }' is missing the following properties from type 'CustomBlockRuntimeEntry': environment, dependencies
src/features/exporting/exportPlanner.spec.ts(105,53): error TS2339: Property 'resourceRootPath' does not exist on type 'CardRenderResourceContext'.
src/features/project-templates/components/CreateProjectWorkspace.spec.ts(388,7): error TS2353: Object literal may only specify known properties, and 'customBlockKey' does not exist in type 'UserCustomBlockCatalogEntry'.
src/features/project-templates/services/projectTemplateService.spec.ts(378,66): error TS2353: Object literal may only specify known properties, and 'key' does not exist in type '{ root: CardBlock; publisherKey: string; blockKey: string; version?: string | undefined; name?: string | undefined; description?: string | undefined; exposedFieldKeys?: readonly string[] | undefined; resize?: ProjectCustomBlockResizePolicy | undefined; }'.
src/features/project-templates/services/projectTemplateService.spec.ts(384,5): error TS2353: Object literal may only specify known properties, and 'customBlockKey' does not exist in type 'UserCustomBlockCatalogEntry'.
src/features/workspace/components/CustomBlockExportDialog.spec.ts(34,7): error TS2322: Type '{ open: boolean; dialogTitle: string; fields: ({ key: string; fieldType: "number"; title: string; referenceCount: number; definitionOrder: number; exposed: boolean; } | { key: string; fieldType: "color"; title: string; referenceCount: number; definitionOrder: number; exposed: boolean; })[]; ... 15 more ...; formatRe...' is not assignable to type 'VNodeProps & { __v_isVNode?: undefined; [Symbol.iterator]?: undefined; } & Record<string, any> & { readonly open: boolean; readonly dialogTitle: string; readonly document: CardDocument | null; ... 9 more ...; readonly onClose?: (() => any) | undefined; } & AllowedComponentProps & ComponentCustomProps'.
  Type '{ open: boolean; dialogTitle: string; fields: ({ key: string; fieldType: "number"; title: string; referenceCount: number; definitionOrder: number; exposed: boolean; } | { key: string; fieldType: "color"; title: string; referenceCount: number; definitionOrder: number; exposed: boolean; })[]; ... 15 more ...; formatRe...' is missing the following properties from type '{ readonly open: boolean; readonly dialogTitle: string; readonly document: CardDocument | null; readonly rootBlockId: string | null; readonly fields: readonly CustomBlockFieldAnalysis[]; ... 7 more ...; readonly onClose?: (() => any) | undefined; }': document, rootBlockId, projectRootPath
src/features/workspace/components/CustomBlockExportDialog.spec.ts(51,7): error TS2322: Type '{ open: boolean; dialogTitle: string; fields: ({ key: string; fieldType: "number"; title: string; referenceCount: number; definitionOrder: number; exposed: boolean; } | { key: string; fieldType: "color"; title: string; referenceCount: number; definitionOrder: number; exposed: boolean; })[]; ... 15 more ...; formatRe...' is not assignable to type 'VNodeProps & { __v_isVNode?: undefined; [Symbol.iterator]?: undefined; } & Record<string, any> & { readonly open: boolean; readonly dialogTitle: string; readonly document: CardDocument | null; ... 9 more ...; readonly onClose?: (() => any) | undefined; } & AllowedComponentProps & ComponentCustomProps'.
  Type '{ open: boolean; dialogTitle: string; fields: ({ key: string; fieldType: "number"; title: string; referenceCount: number; definitionOrder: number; exposed: boolean; } | { key: string; fieldType: "color"; title: string; referenceCount: number; definitionOrder: number; exposed: boolean; })[]; ... 15 more ...; formatRe...' is missing the following properties from type '{ readonly open: boolean; readonly dialogTitle: string; readonly document: CardDocument | null; readonly rootBlockId: string | null; readonly fields: readonly CustomBlockFieldAnalysis[]; ... 7 more ...; readonly onClose?: (() => any) | undefined; }': document, rootBlockId, projectRootPath
src/features/workspace/components/CustomBlockExportDialog.spec.ts(72,7): error TS2322: Type '{ open: boolean; dialogTitle: string; fields: ({ key: string; fieldType: "number"; title: string; referenceCount: number; definitionOrder: number; exposed: boolean; } | { key: string; fieldType: "color"; title: string; referenceCount: number; definitionOrder: number; exposed: boolean; })[]; ... 15 more ...; formatRe...' is not assignable to type 'VNodeProps & { __v_isVNode?: undefined; [Symbol.iterator]?: undefined; } & Record<string, any> & { readonly open: boolean; readonly dialogTitle: string; readonly document: CardDocument | null; ... 9 more ...; readonly onClose?: (() => any) | undefined; } & AllowedComponentProps & ComponentCustomProps'.
  Type '{ open: boolean; dialogTitle: string; fields: ({ key: string; fieldType: "number"; title: string; referenceCount: number; definitionOrder: number; exposed: boolean; } | { key: string; fieldType: "color"; title: string; referenceCount: number; definitionOrder: number; exposed: boolean; })[]; ... 15 more ...; formatRe...' is missing the following properties from type '{ readonly open: boolean; readonly dialogTitle: string; readonly document: CardDocument | null; readonly rootBlockId: string | null; readonly fields: readonly CustomBlockFieldAnalysis[]; ... 7 more ...; readonly onClose?: (() => any) | undefined; }': document, rootBlockId, projectRootPath
src/features/workspace/components/CustomBlockExportDialog.spec.ts(97,7): error TS2322: Type '{ busy: true; open: boolean; dialogTitle: string; fields: ({ key: string; fieldType: "number"; title: string; referenceCount: number; definitionOrder: number; exposed: boolean; } | { key: string; fieldType: "color"; title: string; referenceCount: number; definitionOrder: number; exposed: boolean; })[]; ... 15 more ....' is not assignable to type 'VNodeProps & { __v_isVNode?: undefined; [Symbol.iterator]?: undefined; } & Record<string, any> & { readonly open: boolean; readonly dialogTitle: string; readonly document: CardDocument | null; ... 9 more ...; readonly onClose?: (() => any) | undefined; } & AllowedComponentProps & ComponentCustomProps'.
  Type '{ busy: true; open: boolean; dialogTitle: string; fields: ({ key: string; fieldType: "number"; title: string; referenceCount: number; definitionOrder: number; exposed: boolean; } | { key: string; fieldType: "color"; title: string; referenceCount: number; definitionOrder: number; exposed: boolean; })[]; ... 15 more ....' is missing the following properties from type '{ readonly open: boolean; readonly dialogTitle: string; readonly document: CardDocument | null; readonly rootBlockId: string | null; readonly fields: readonly CustomBlockFieldAnalysis[]; ... 7 more ...; readonly onClose?: (() => any) | undefined; }': document, rootBlockId, projectRootPath
src/features/workspace/components/CustomBlockExportDialog.spec.ts(111,7): error TS2322: Type '{ open: boolean; dialogTitle: string; fields: ({ key: string; fieldType: "number"; title: string; referenceCount: number; definitionOrder: number; exposed: boolean; } | { key: string; fieldType: "color"; title: string; referenceCount: number; definitionOrder: number; exposed: boolean; })[]; ... 15 more ...; formatRe...' is not assignable to type 'VNodeProps & { __v_isVNode?: undefined; [Symbol.iterator]?: undefined; } & Record<string, any> & { readonly open: boolean; readonly dialogTitle: string; readonly document: CardDocument | null; ... 9 more ...; readonly onClose?: (() => any) | undefined; } & AllowedComponentProps & ComponentCustomProps'.
  Type '{ open: boolean; dialogTitle: string; fields: ({ key: string; fieldType: "number"; title: string; referenceCount: number; definitionOrder: number; exposed: boolean; } | { key: string; fieldType: "color"; title: string; referenceCount: number; definitionOrder: number; exposed: boolean; })[]; ... 15 more ...; formatRe...' is missing the following properties from type '{ readonly open: boolean; readonly dialogTitle: string; readonly document: CardDocument | null; readonly rootBlockId: string | null; readonly fields: readonly CustomBlockFieldAnalysis[]; ... 7 more ...; readonly onClose?: (() => any) | undefined; }': document, rootBlockId, projectRootPath
src/features/workspace/components/CustomBlockExportDialog.spec.ts(131,7): error TS2322: Type '{ open: boolean; dialogTitle: string; fields: ({ key: string; fieldType: "number"; title: string; referenceCount: number; definitionOrder: number; exposed: boolean; } | { key: string; fieldType: "color"; title: string; referenceCount: number; definitionOrder: number; exposed: boolean; })[]; ... 15 more ...; formatRe...' is not assignable to type 'VNodeProps & { __v_isVNode?: undefined; [Symbol.iterator]?: undefined; } & Record<string, any> & { readonly open: boolean; readonly dialogTitle: string; readonly document: CardDocument | null; ... 9 more ...; readonly onClose?: (() => any) | undefined; } & AllowedComponentProps & ComponentCustomProps'.
  Type '{ open: boolean; dialogTitle: string; fields: ({ key: string; fieldType: "number"; title: string; referenceCount: number; definitionOrder: number; exposed: boolean; } | { key: string; fieldType: "color"; title: string; referenceCount: number; definitionOrder: number; exposed: boolean; })[]; ... 15 more ...; formatRe...' is missing the following properties from type '{ readonly open: boolean; readonly dialogTitle: string; readonly document: CardDocument | null; readonly rootBlockId: string | null; readonly fields: readonly CustomBlockFieldAnalysis[]; ... 7 more ...; readonly onClose?: (() => any) | undefined; }': document, rootBlockId, projectRootPath
src/features/workspace/components/CustomBlockExportDialog.spec.ts(143,7): error TS2322: Type '{ errorText: string; open: boolean; dialogTitle: string; fields: ({ key: string; fieldType: "number"; title: string; referenceCount: number; definitionOrder: number; exposed: boolean; } | { key: string; ... 4 more ...; exposed: boolean; })[]; ... 15 more ...; formatReferenceCount: (count: number) => string; }' is not assignable to type 'VNodeProps & { __v_isVNode?: undefined; [Symbol.iterator]?: undefined; } & Record<string, any> & { readonly open: boolean; readonly dialogTitle: string; readonly document: CardDocument | null; ... 9 more ...; readonly onClose?: (() => any) | undefined; } & AllowedComponentProps & ComponentCustomProps'.
  Type '{ errorText: string; open: boolean; dialogTitle: string; fields: ({ key: string; fieldType: "number"; title: string; referenceCount: number; definitionOrder: number; exposed: boolean; } | { key: string; ... 4 more ...; exposed: boolean; })[]; ... 15 more ...; formatReferenceCount: (count: number) => string; }' is missing the following properties from type '{ readonly open: boolean; readonly dialogTitle: string; readonly document: CardDocument | null; readonly rootBlockId: string | null; readonly fields: readonly CustomBlockFieldAnalysis[]; ... 7 more ...; readonly onClose?: (() => any) | undefined; }': document, rootBlockId, projectRootPath
src/features/workspace/components/CustomBlockExportDialog.spec.ts(156,7): error TS2322: Type '{ fields: ({ key: string; fieldType: "string"; title: string; referenceCount: number; definitionOrder: number; exposed: false; } | { key: string; fieldType: "color"; title: string; referenceCount: number; definitionOrder: number; exposed: false; })[]; ... 17 more ...; formatReferenceCount: (count: number) => string; }' is not assignable to type 'VNodeProps & { __v_isVNode?: undefined; [Symbol.iterator]?: undefined; } & Record<string, any> & { readonly open: boolean; readonly dialogTitle: string; readonly document: CardDocument | null; ... 9 more ...; readonly onClose?: (() => any) | undefined; } & AllowedComponentProps & ComponentCustomProps'.
  Type '{ fields: ({ key: string; fieldType: "string"; title: string; referenceCount: number; definitionOrder: number; exposed: false; } | { key: string; fieldType: "color"; title: string; referenceCount: number; definitionOrder: number; exposed: false; })[]; ... 17 more ...; formatReferenceCount: (count: number) => string; }' is missing the following properties from type '{ readonly open: boolean; readonly dialogTitle: string; readonly document: CardDocument | null; readonly rootBlockId: string | null; readonly fields: readonly CustomBlockFieldAnalysis[]; ... 7 more ...; readonly onClose?: (() => any) | undefined; }': document, rootBlockId, projectRootPath
src/features/workspace/components/CustomBlockExportDialog.spec.ts(178,7): error TS2322: Type '{ resourceIndex: { fonts: { kind: string; key: string; name: string; files: { normal: { upright: string; }; }; }[]; images: { key: string; source: string; }[]; }; resourceImageLabels: Map<string, string>; ... 19 more ...; formatReferenceCount: (count: number) => string; }' is not assignable to type 'VNodeProps & { __v_isVNode?: undefined; [Symbol.iterator]?: undefined; } & Record<string, any> & { readonly open: boolean; readonly dialogTitle: string; readonly document: CardDocument | null; ... 9 more ...; readonly onClose?: (() => any) | undefined; } & AllowedComponentProps & ComponentCustomProps'.
  Type '{ resourceIndex: { fonts: { kind: string; key: string; name: string; files: { normal: { upright: string; }; }; }[]; images: { key: string; source: string; }[]; }; resourceImageLabels: Map<string, string>; ... 19 more ...; formatReferenceCount: (count: number) => string; }' is missing the following properties from type '{ readonly open: boolean; readonly dialogTitle: string; readonly document: CardDocument | null; readonly rootBlockId: string | null; readonly fields: readonly CustomBlockFieldAnalysis[]; ... 7 more ...; readonly onClose?: (() => any) | undefined; }': document, rootBlockId, projectRootPath
src/features/workspace/model/projectStructure.spec.ts(4,3): error TS2724: '"./projectStructure"' has no exported member named 'PROJECT_CUSTOM_BLOCK_REGISTRY_FILE_NAME'. Did you mean 'PROJECT_ICON_REGISTRY_FILE_NAME'?
src/features/workspace/services/projectCustomBlockAssetLoader.spec.ts(5,3): error TS2305: Module '"./projectCustomBlockAssetLoader"' has no exported member 'createProjectCustomBlockAssetSession'.
src/features/workspace/services/projectCustomBlockAssetLoader.spec.ts(6,8): error TS2305: Module '"./projectCustomBlockAssetLoader"' has no exported member 'ProjectCustomBlockAssetRuntime'.
src/features/workspace/services/projectCustomBlockAssetLoader.spec.ts(10,3): error TS2322: Type 'Map<string, { archivePath: string; files: Map<string, Uint8Array>; manifest: { type: "opencard-custom-block"; customBlockKey: string; name: string; publicFieldKeys: never[]; resize: { ...; }; resources: { ...; }; }; block: ImageBlock; }>' is not assignable to type 'ProjectCustomBlockCatalog'.
  Types of property 'forEach' are incompatible.
    Type '(callbackfn: (value: { archivePath: string; files: Map<string, Uint8Array>; manifest: { type: "opencard-custom-block"; customBlockKey: string; name: string; publicFieldKeys: never[]; resize: { ...; }; resources: { ...; }; }; block: ImageBlock; }, key: string, map: Map<...>) => void, thisArg?: any) => void' is not assignable to type '(callbackfn: (value: ProjectCustomBlockCatalogEntry, key: string, map: ReadonlyMap<string, ProjectCustomBlockCatalogEntry>) => void, thisArg?: any) => void'.
      Types of parameters 'callbackfn' and 'callbackfn' are incompatible.
        Types of parameters 'value' and 'value' are incompatible.
          Type '{ archivePath: string; files: Map<string, Uint8Array>; manifest: { type: "opencard-custom-block"; customBlockKey: string; name: string; publicFieldKeys: never[]; resize: { ...; }; resources: { ...; }; }; block: ImageBlock; }' is missing the following properties from type 'ProjectCustomBlockCatalogEntry': installationPath, resourceRootPath
src/features/workspace/services/projectCustomBlockFontLoader.spec.ts(15,3): error TS2322: Type 'Map<string, { archivePath: string; files: Map<string, Uint8Array>; manifest: { type: "opencard-custom-block"; customBlockKey: string; name: string; publicFieldKeys: never[]; resize: { ...; }; resources: { ...; }; }; block: TextBlock; }>' is not assignable to type 'ProjectCustomBlockCatalog'.
  Types of property 'forEach' are incompatible.
    Type '(callbackfn: (value: { archivePath: string; files: Map<string, Uint8Array>; manifest: { type: "opencard-custom-block"; customBlockKey: string; name: string; publicFieldKeys: never[]; resize: { ...; }; resources: { ...; }; }; block: TextBlock; }, key: string, map: Map<...>) => void, thisArg?: any) => void' is not assignable to type '(callbackfn: (value: ProjectCustomBlockCatalogEntry, key: string, map: ReadonlyMap<string, ProjectCustomBlockCatalogEntry>) => void, thisArg?: any) => void'.
      Types of parameters 'callbackfn' and 'callbackfn' are incompatible.
        Types of parameters 'value' and 'value' are incompatible.
          Type '{ archivePath: string; files: Map<string, Uint8Array>; manifest: { type: "opencard-custom-block"; customBlockKey: string; name: string; publicFieldKeys: never[]; resize: { ...; }; resources: { ...; }; }; block: TextBlock; }' is missing the following properties from type 'ProjectCustomBlockCatalogEntry': installationPath, resourceRootPath
src/features/workspace/services/projectCustomBlockFontLoader.spec.ts(33,5): error TS2353: Object literal may only specify known properties, and 'createObjectUrl' does not exist in type 'ProjectCustomBlockFontRuntime'.
src/features/workspace/services/projectCustomBlockFontLoader.spec.ts(45,63): error TS2345: Argument of type 'ProjectCustomBlockCatalog' is not assignable to parameter of type 'Iterable<ProjectResourceEnvironment>'.
  The types returned by '[Symbol.iterator]().next(...)' are incompatible between these types.
    Type 'IteratorResult<[string, ProjectCustomBlockCatalogEntry], undefined>' is not assignable to type 'IteratorResult<ProjectResourceEnvironment, any>'.
      Type 'IteratorYieldResult<[string, ProjectCustomBlockCatalogEntry]>' is not assignable to type 'IteratorResult<ProjectResourceEnvironment, any>'.
        Type 'IteratorYieldResult<[string, ProjectCustomBlockCatalogEntry]>' is not assignable to type 'IteratorYieldResult<ProjectResourceEnvironment>'.
          Type '[string, ProjectCustomBlockCatalogEntry]' is not assignable to type 'ProjectResourceEnvironment'.
src/features/workspace/services/projectCustomBlockFontLoader.spec.ts(47,20): error TS2339: Property 'createObjectUrl' does not exist on type 'ProjectCustomBlockFontRuntime'.
src/features/workspace/services/projectCustomBlockFontLoader.spec.ts(57,20): error TS2339: Property 'revokeObjectUrl' does not exist on type 'ProjectCustomBlockFontRuntime'.
src/features/workspace/services/projectCustomBlockFontLoader.spec.ts(62,61): error TS2345: Argument of type 'ProjectCustomBlockCatalog' is not assignable to parameter of type 'Iterable<ProjectResourceEnvironment>'.
  The types returned by '[Symbol.iterator]().next(...)' are incompatible between these types.
    Type 'IteratorResult<[string, ProjectCustomBlockCatalogEntry], undefined>' is not assignable to type 'IteratorResult<ProjectResourceEnvironment, any>'.
      Type 'IteratorYieldResult<[string, ProjectCustomBlockCatalogEntry]>' is not assignable to type 'IteratorResult<ProjectResourceEnvironment, any>'.
        Type 'IteratorYieldResult<[string, ProjectCustomBlockCatalogEntry]>' is not assignable to type 'IteratorYieldResult<ProjectResourceEnvironment>'.
          Type '[string, ProjectCustomBlockCatalogEntry]' is not assignable to type 'ProjectResourceEnvironment'.
src/features/workspace/services/projectCustomBlockFontLoader.spec.ts(65,62): error TS2345: Argument of type 'ProjectCustomBlockCatalog' is not assignable to parameter of type 'Iterable<ProjectResourceEnvironment>'.
  The types returned by '[Symbol.iterator]().next(...)' are incompatible between these types.
    Type 'IteratorResult<[string, ProjectCustomBlockCatalogEntry], undefined>' is not assignable to type 'IteratorResult<ProjectResourceEnvironment, any>'.
      Type 'IteratorYieldResult<[string, ProjectCustomBlockCatalogEntry]>' is not assignable to type 'IteratorResult<ProjectResourceEnvironment, any>'.
        Type 'IteratorYieldResult<[string, ProjectCustomBlockCatalogEntry]>' is not assignable to type 'IteratorYieldResult<ProjectResourceEnvironment>'.
          Type '[string, ProjectCustomBlockCatalogEntry]' is not assignable to type 'ProjectResourceEnvironment'.
src/features/workspace/services/projectCustomBlockFontLoader.spec.ts(67,33): error TS2339: Property 'revokeObjectUrl' does not exist on type 'ProjectCustomBlockFontRuntime'.
src/features/workspace/services/projectCustomBlockFontLoader.spec.ts(71,34): error TS2339: Property 'revokeObjectUrl' does not exist on type 'ProjectCustomBlockFontRuntime'.
src/features/workspace/services/projectCustomBlockFontLoader.spec.ts(73,33): error TS2339: Property 'revokeObjectUrl' does not exist on type 'ProjectCustomBlockFontRuntime'.
src/features/workspace/services/projectCustomBlockFontLoader.spec.ts(79,20): error TS2339: Property 'resources' does not exist on type 'ProjectCustomBlockManifest'.
src/features/workspace/services/projectCustomBlockFontLoader.spec.ts(80,25): error TS2339: Property 'resources' does not exist on type 'ProjectCustomBlockManifest'.
src/features/workspace/services/projectCustomBlockFontLoader.spec.ts(90,63): error TS2345: Argument of type 'ProjectCustomBlockCatalog' is not assignable to parameter of type 'Iterable<ProjectResourceEnvironment>'.
  The types returned by '[Symbol.iterator]().next(...)' are incompatible between these types.
    Type 'IteratorResult<[string, ProjectCustomBlockCatalogEntry], undefined>' is not assignable to type 'IteratorResult<ProjectResourceEnvironment, any>'.
      Type 'IteratorYieldResult<[string, ProjectCustomBlockCatalogEntry]>' is not assignable to type 'IteratorResult<ProjectResourceEnvironment, any>'.
        Type 'IteratorYieldResult<[string, ProjectCustomBlockCatalogEntry]>' is not assignable to type 'IteratorYieldResult<ProjectResourceEnvironment>'.
          Type '[string, ProjectCustomBlockCatalogEntry]' is not assignable to type 'ProjectResourceEnvironment'.
src/features/workspace/services/projectCustomBlockResources.spec.ts(153,12): error TS18048: 'iconRegistry.iconSeries' is possibly 'undefined'.
src/features/workspace/services/projectResourceEnvironment.spec.ts(19,22): error TS2322: Type '"font"' is not assignable to type '"family" | "composition"'.
src/features/workspace/services/userCustomBlockCatalogService.spec.ts(15,66): error TS2353: Object literal may only specify known properties, and 'key' does not exist in type '{ root: CardBlock; publisherKey: string; blockKey: string; version?: string | undefined; name?: string | undefined; description?: string | undefined; exposedFieldKeys?: readonly string[] | undefined; resize?: ProjectCustomBlockResizePolicy | undefined; }'.
src/features/workspace/store/projectStore.settings.spec.ts(448,24): error TS2551: Property 'importProjectCustomBlockFile' does not exist on type '{ projectPath: Readonly<Ref<string, string>>; projectProfile: Readonly<Ref<{ readonly name?: string | undefined; readonly description?: string | undefined; readonly version?: string | undefined; readonly remoteResources?: { ...; } | ... 2 more ... | undefined; readonly exportTask?: { ...; } | undefined; } | null, { ...'. Did you mean 'installProjectCustomBlockFile'?
src/features/workspace/store/projectStore.settings.spec.ts(451,24): error TS2551: Property 'importProjectCustomBlockFile' does not exist on type '{ projectPath: Readonly<Ref<string, string>>; projectProfile: Readonly<Ref<{ readonly name?: string | undefined; readonly description?: string | undefined; readonly version?: string | undefined; readonly remoteResources?: { ...; } | ... 2 more ... | undefined; readonly exportTask?: { ...; } | undefined; } | null, { ...'. Did you mean 'installProjectCustomBlockFile'?
src/features/workspace/store/projectStore.settings.spec.ts(468,24): error TS2551: Property 'importProjectCustomBlockFile' does not exist on type '{ projectPath: Readonly<Ref<string, string>>; projectProfile: Readonly<Ref<{ readonly name?: string | undefined; readonly description?: string | undefined; readonly version?: string | undefined; readonly remoteResources?: { ...; } | ... 2 more ... | undefined; readonly exportTask?: { ...; } | undefined; } | null, { ...'. Did you mean 'installProjectCustomBlockFile'?
src/features/workspace/store/projectStore.settings.spec.ts(490,24): error TS2551: Property 'importProjectCustomBlockFile' does not exist on type '{ projectPath: Readonly<Ref<string, string>>; projectProfile: Readonly<Ref<{ readonly name?: string | undefined; readonly description?: string | undefined; readonly version?: string | undefined; readonly remoteResources?: { ...; } | ... 2 more ... | undefined; readonly exportTask?: { ...; } | undefined; } | null, { ...'. Did you mean 'installProjectCustomBlockFile'?
src/features/workspace/store/projectStore.settings.spec.ts(501,24): error TS2551: Property 'registerProjectCustomBlockFile' does not exist on type '{ projectPath: Readonly<Ref<string, string>>; projectProfile: Readonly<Ref<{ readonly name?: string | undefined; readonly description?: string | undefined; readonly version?: string | undefined; readonly remoteResources?: { ...; } | ... 2 more ... | undefined; readonly exportTask?: { ...; } | undefined; } | null, { ...'. Did you mean 'installProjectCustomBlockFile'?
src/features/workspace/store/projectStore.settings.spec.ts(526,29): error TS2551: Property 'reloadProjectCustomBlockRegistry' does not exist on type '{ projectPath: Readonly<Ref<string, string>>; projectProfile: Readonly<Ref<{ readonly name?: string | undefined; readonly description?: string | undefined; readonly version?: string | undefined; readonly remoteResources?: { ...; } | ... 2 more ... | undefined; readonly exportTask?: { ...; } | undefined; } | null, { ...'. Did you mean 'reloadProjectCustomBlocks'?
src/features/workspace/store/projectStore.settings.spec.ts(533,29): error TS2551: Property 'reloadProjectCustomBlockRegistry' does not exist on type '{ projectPath: Readonly<Ref<string, string>>; projectProfile: Readonly<Ref<{ readonly name?: string | undefined; readonly description?: string | undefined; readonly version?: string | undefined; readonly remoteResources?: { ...; } | ... 2 more ... | undefined; readonly exportTask?: { ...; } | undefined; } | null, { ...'. Did you mean 'reloadProjectCustomBlocks'?
src/features/workspace/store/projectStore.settings.spec.ts(552,24): error TS2551: Property 'importProjectCustomBlockFile' does not exist on type '{ projectPath: Readonly<Ref<string, string>>; projectProfile: Readonly<Ref<{ readonly name?: string | undefined; readonly description?: string | undefined; readonly version?: string | undefined; readonly remoteResources?: { ...; } | ... 2 more ... | undefined; readonly exportTask?: { ...; } | undefined; } | null, { ...'. Did you mean 'installProjectCustomBlockFile'?
src/features/workspace/store/userCustomBlockCatalogStore.spec.ts(9,3): error TS2353: Object literal may only specify known properties, and 'customBlockKey' does not exist in type 'UserCustomBlockCatalogEntry'.
src/shared/ui/rich-text/OcRichTextEditor.spec.ts(463,61): error TS2322: Type 'Map<string, { manifest: { type: "opencard-custom-block"; customBlockKey: string; name: string; publicFieldKeys: string[]; resize: { widthLocked: boolean; heightLocked: boolean; }; }; block: any; archivePath: string; files: Map<...>; }>' is not assignable to type 'ReadonlyMap<string, { readonly manifest: { readonly type: "opencard-custom-block"; readonly packageId: string; readonly version: string; readonly name: string; readonly description?: string | undefined; readonly publicFieldKeys: readonly string[]; readonly resize: { ...; }; }; ... 4 more ...; readonly hasResourceErr...'.
  Types of property 'forEach' are incompatible.
    Type '(callbackfn: (value: { manifest: { type: "opencard-custom-block"; customBlockKey: string; name: string; publicFieldKeys: string[]; resize: { widthLocked: boolean; heightLocked: boolean; }; }; block: any; archivePath: string; files: Map<...>; }, key: string, map: Map<...>) => void, thisArg?: any) => void' is not assignable to type '(callbackfn: (value: { readonly manifest: { readonly type: "opencard-custom-block"; readonly packageId: string; readonly version: string; readonly name: string; readonly description?: string | undefined; readonly publicFieldKeys: readonly string[]; readonly resize: { ...; }; }; ... 4 more ...; readonly hasResourceEr...'.
      Types of parameters 'callbackfn' and 'callbackfn' are incompatible.
        Types of parameters 'value' and 'value' are incompatible.
          Type '{ manifest: { type: "opencard-custom-block"; customBlockKey: string; name: string; publicFieldKeys: string[]; resize: { widthLocked: boolean; heightLocked: boolean; }; }; block: any; archivePath: string; files: Map<...>; }' is missing the following properties from type '{ readonly manifest: { readonly type: "opencard-custom-block"; readonly packageId: string; readonly version: string; readonly name: string; readonly description?: string | undefined; readonly publicFieldKeys: readonly string[]; readonly resize: { ...; }; }; ... 4 more ...; readonly hasResourceErrors?: boolean | unde...': installationPath, resourceRootPath
src/shared/ui/rich-text/OcRichTextEditor.spec.ts(463,70): error TS2322: Type 'Map<string, { manifest: { type: "opencard-custom-block"; customBlockKey: string; name: string; publicFieldKeys: string[]; resize: { widthLocked: boolean; heightLocked: boolean; }; }; archivePath: string; loadState: "ready"; }>' is not assignable to type 'ReadonlyMap<string, { readonly manifest: { readonly type: "opencard-custom-block"; readonly packageId: string; readonly version: string; readonly name: string; readonly description?: string | undefined; readonly publicFieldKeys: readonly string[]; readonly resize: { ...; }; }; ... 4 more ...; readonly unavailable?: ...'.
  Types of property 'forEach' are incompatible.
    Type '(callbackfn: (value: { manifest: { type: "opencard-custom-block"; customBlockKey: string; name: string; publicFieldKeys: string[]; resize: { widthLocked: boolean; heightLocked: boolean; }; }; archivePath: string; loadState: "ready"; }, key: string, map: Map<...>) => void, thisArg?: any) => void' is not assignable to type '(callbackfn: (value: { readonly manifest: { readonly type: "opencard-custom-block"; readonly packageId: string; readonly version: string; readonly name: string; readonly description?: string | undefined; readonly publicFieldKeys: readonly string[]; readonly resize: { ...; }; }; ... 4 more ...; readonly unavailable?:...'.
      Types of parameters 'callbackfn' and 'callbackfn' are incompatible.
        Types of parameters 'value' and 'value' are incompatible.
          Type '{ manifest: { type: "opencard-custom-block"; customBlockKey: string; name: string; publicFieldKeys: string[]; resize: { widthLocked: boolean; heightLocked: boolean; }; }; archivePath: string; loadState: "ready"; }' is missing the following properties from type '{ readonly manifest: { readonly type: "opencard-custom-block"; readonly packageId: string; readonly version: string; readonly name: string; readonly description?: string | undefined; readonly publicFieldKeys: readonly string[]; readonly resize: { ...; }; }; ... 4 more ...; readonly unavailable?: boolean | undefined; }': installationPath, resourceRootPath
src/shared/ui/rich-text/OcRichTextEditor.spec.ts(500,11): error TS2322: Type 'Map<string, { manifest: { type: "opencard-custom-block"; customBlockKey: string; name: string; publicFieldKeys: never[]; resize: { widthLocked: boolean; heightLocked: boolean; }; }; block: any; archivePath: string; files: Map<...>; }>' is not assignable to type 'ReadonlyMap<string, { readonly manifest: { readonly type: "opencard-custom-block"; readonly packageId: string; readonly version: string; readonly name: string; readonly description?: string | undefined; readonly publicFieldKeys: readonly string[]; readonly resize: { ...; }; }; ... 4 more ...; readonly hasResourceErr...'.
  Types of property 'forEach' are incompatible.
    Type '(callbackfn: (value: { manifest: { type: "opencard-custom-block"; customBlockKey: string; name: string; publicFieldKeys: never[]; resize: { widthLocked: boolean; heightLocked: boolean; }; }; block: any; archivePath: string; files: Map<...>; }, key: string, map: Map<...>) => void, thisArg?: any) => void' is not assignable to type '(callbackfn: (value: { readonly manifest: { readonly type: "opencard-custom-block"; readonly packageId: string; readonly version: string; readonly name: string; readonly description?: string | undefined; readonly publicFieldKeys: readonly string[]; readonly resize: { ...; }; }; ... 4 more ...; readonly hasResourceEr...'.
      Types of parameters 'callbackfn' and 'callbackfn' are incompatible.
        Types of parameters 'value' and 'value' are incompatible.
          Type '{ manifest: { type: "opencard-custom-block"; customBlockKey: string; name: string; publicFieldKeys: never[]; resize: { widthLocked: boolean; heightLocked: boolean; }; }; block: any; archivePath: string; files: Map<...>; }' is missing the following properties from type '{ readonly manifest: { readonly type: "opencard-custom-block"; readonly packageId: string; readonly version: string; readonly name: string; readonly description?: string | undefined; readonly publicFieldKeys: readonly string[]; readonly resize: { ...; }; }; ... 4 more ...; readonly hasResourceErrors?: boolean | unde...': installationPath, resourceRootPath
src/shared/ui/rich-text/OcRichTextEditor.spec.ts(501,11): error TS2322: Type 'Map<string, { manifest: { type: "opencard-custom-block"; customBlockKey: string; name: string; publicFieldKeys: never[]; resize: { widthLocked: boolean; heightLocked: boolean; }; }; archivePath: string; loadState: "unloaded"; }>' is not assignable to type 'ReadonlyMap<string, { readonly manifest: { readonly type: "opencard-custom-block"; readonly packageId: string; readonly version: string; readonly name: string; readonly description?: string | undefined; readonly publicFieldKeys: readonly string[]; readonly resize: { ...; }; }; ... 4 more ...; readonly unavailable?: ...'.
  Types of property 'forEach' are incompatible.
    Type '(callbackfn: (value: { manifest: { type: "opencard-custom-block"; customBlockKey: string; name: string; publicFieldKeys: never[]; resize: { widthLocked: boolean; heightLocked: boolean; }; }; archivePath: string; loadState: "unloaded"; }, key: string, map: Map<...>) => void, thisArg?: any) => void' is not assignable to type '(callbackfn: (value: { readonly manifest: { readonly type: "opencard-custom-block"; readonly packageId: string; readonly version: string; readonly name: string; readonly description?: string | undefined; readonly publicFieldKeys: readonly string[]; readonly resize: { ...; }; }; ... 4 more ...; readonly unavailable?:...'.
      Types of parameters 'callbackfn' and 'callbackfn' are incompatible.
        Types of parameters 'value' and 'value' are incompatible.
          Type '{ manifest: { type: "opencard-custom-block"; customBlockKey: string; name: string; publicFieldKeys: never[]; resize: { widthLocked: boolean; heightLocked: boolean; }; }; archivePath: string; loadState: "unloaded"; }' is missing the following properties from type '{ readonly manifest: { readonly type: "opencard-custom-block"; readonly packageId: string; readonly version: string; readonly name: string; readonly description?: string | undefined; readonly publicFieldKeys: readonly string[]; readonly resize: { ...; }; }; ... 4 more ...; readonly unavailable?: boolean | undefined; }': installationPath, resourceRootPath
src/shared/ui/rich-text/OcRichTextEditor.spec.ts(549,11): error TS2322: Type 'Map<string, { manifest: { type: "opencard-custom-block"; customBlockKey: string; name: string; publicFieldKeys: string[]; resize: { widthLocked: boolean; heightLocked: boolean; }; }; block: any; archivePath: string; files: Map<...>; }>' is not assignable to type 'ReadonlyMap<string, { readonly manifest: { readonly type: "opencard-custom-block"; readonly packageId: string; readonly version: string; readonly name: string; readonly description?: string | undefined; readonly publicFieldKeys: readonly string[]; readonly resize: { ...; }; }; ... 4 more ...; readonly hasResourceErr...'.
  Types of property 'forEach' are incompatible.
    Type '(callbackfn: (value: { manifest: { type: "opencard-custom-block"; customBlockKey: string; name: string; publicFieldKeys: string[]; resize: { widthLocked: boolean; heightLocked: boolean; }; }; block: any; archivePath: string; files: Map<...>; }, key: string, map: Map<...>) => void, thisArg?: any) => void' is not assignable to type '(callbackfn: (value: { readonly manifest: { readonly type: "opencard-custom-block"; readonly packageId: string; readonly version: string; readonly name: string; readonly description?: string | undefined; readonly publicFieldKeys: readonly string[]; readonly resize: { ...; }; }; ... 4 more ...; readonly hasResourceEr...'.
      Types of parameters 'callbackfn' and 'callbackfn' are incompatible.
        Types of parameters 'value' and 'value' are incompatible.
          Type '{ manifest: { type: "opencard-custom-block"; customBlockKey: string; name: string; publicFieldKeys: string[]; resize: { widthLocked: boolean; heightLocked: boolean; }; }; block: any; archivePath: string; files: Map<...>; }' is missing the following properties from type '{ readonly manifest: { readonly type: "opencard-custom-block"; readonly packageId: string; readonly version: string; readonly name: string; readonly description?: string | undefined; readonly publicFieldKeys: readonly string[]; readonly resize: { ...; }; }; ... 4 more ...; readonly hasResourceErrors?: boolean | unde...': installationPath, resourceRootPath
src/shared/ui/rich-text/OcRichTextEditor.spec.ts(550,11): error TS2322: Type 'Map<string, { manifest: { type: "opencard-custom-block"; customBlockKey: string; name: string; publicFieldKeys: string[]; resize: { widthLocked: boolean; heightLocked: boolean; }; }; archivePath: string; loadState: "ready"; }>' is not assignable to type 'ReadonlyMap<string, { readonly manifest: { readonly type: "opencard-custom-block"; readonly packageId: string; readonly version: string; readonly name: string; readonly description?: string | undefined; readonly publicFieldKeys: readonly string[]; readonly resize: { ...; }; }; ... 4 more ...; readonly unavailable?: ...'.
  Types of property 'forEach' are incompatible.
    Type '(callbackfn: (value: { manifest: { type: "opencard-custom-block"; customBlockKey: string; name: string; publicFieldKeys: string[]; resize: { widthLocked: boolean; heightLocked: boolean; }; }; archivePath: string; loadState: "ready"; }, key: string, map: Map<...>) => void, thisArg?: any) => void' is not assignable to type '(callbackfn: (value: { readonly manifest: { readonly type: "opencard-custom-block"; readonly packageId: string; readonly version: string; readonly name: string; readonly description?: string | undefined; readonly publicFieldKeys: readonly string[]; readonly resize: { ...; }; }; ... 4 more ...; readonly unavailable?:...'.
      Types of parameters 'callbackfn' and 'callbackfn' are incompatible.
        Types of parameters 'value' and 'value' are incompatible.
          Type '{ manifest: { type: "opencard-custom-block"; customBlockKey: string; name: string; publicFieldKeys: string[]; resize: { widthLocked: boolean; heightLocked: boolean; }; }; archivePath: string; loadState: "ready"; }' is missing the following properties from type '{ readonly manifest: { readonly type: "opencard-custom-block"; readonly packageId: string; readonly version: string; readonly name: string; readonly description?: string | undefined; readonly publicFieldKeys: readonly string[]; readonly resize: { ...; }; }; ... 4 more ...; readonly unavailable?: boolean | undefined; }': installationPath, resourceRootPath
